******************************************************************************
              TMS320C55x Linker PC v4.4.1                      
******************************************************************************
>> Linked Wed Mar 29 12:21:24 2017

OUTPUT FILE NAME:   <EQ.out>
ENTRY POINT SYMBOL: "_c_int00"  address: 00028429


MEMORY CONFIGURATION

         name            origin    length      used     unused   attr    fill
                        (bytes)   (bytes)    (bytes)   (bytes)
----------------------  --------  ---------  --------  --------  ----  --------
PAGE 0:
  MMR                   00000000   000000c0  00000000  000000c0  RWIX
  DARAM0                000000c0   0000ff40  00006828  00009718  RWIX
  SARAM0                00010000   00010000  00000000  00010000  RWIX
  SARAM1                00020000   00020000  0000854b  00017ab5  RWIX
  SARAM2                00040000   0000fe00  00000378  0000fa88  RWIX
  VECS                  0004fe00   00000200  00000200  00000000  RWIX
  PDROM                 00ff8000   00008000  00000000  00008000  R IX

PAGE 2:
  IOPORT                00000000   00020000  00000000  00020000  RWI 


SECTION ALLOCATION MAP
(Addresses surrounded by []'s are displayed for convenience only!)

output                                                          attributes/
section   page  orgn(bytes) orgn(words) len(bytes) len(words)   input sections
--------  ----  ----------- ----------- ---------- ----------   --------------
.pinit       0   [ 00040000 ]  00020000          *   00000000   UNINITIALIZED

.stack       0   [ 000000c0 ]  00000060          *   00001000   UNINITIALIZED
                 [ 000000c0 ]  00000060          *   00001000   --HOLE--

.data        0   [ 000000c0 ]  00000060          *   00000000   UNINITIALIZED

.sysstack 
*            0   [ 000020c0 ]  00001060          *   00000800   UNINITIALIZED
                 [ 000020c0 ]  00001060          *   00000800   --HOLE--

.sysmem      0   [ 000030c0 ]  00001860          *   00001000   UNINITIALIZED
                 [ 000030c0 ]  00001860          *   00001000   --HOLE--

.bss.1       0   [ 000050c0 ]  00002860          *   000008a5   UNINITIALIZED
                 [ 000050c0 ]  00002860          *   00000408   ezdsp5535_aic3204_dma.obj (.bss)
                 [ 000058d0 ]  00002c68          *   00000194   main.obj (.bss)
                 [ 00005bf8 ]  00002dfc          *   00000119   rts55x.lib : defs.obj (.bss)
                 [ 00005e2a ]  00002f15          *   000000d0              : trgdrv.obj (.bss)
                 [ 00005fca ]  00002fe5          *   00000001              : fopen.obj (.bss)
                 [ 00005fcc ]  00002fe6          *   00000084   cslVC5505.lib : csl_intc.obj (.bss)
                 [ 000060d4 ]  0000306a          *   00000071   rts55x.lib : lowlev.obj (.bss)
                 [ 000061b6 ]  000030db          *   0000002a   cslVC5505.lib : csl_i2s.obj (.bss)

.bss.2       0   [ 0000620c ]  00003106          *   00000030   UNINITIALIZED
                 [ 0000620c ]  00003106          *   00000012   cslVC5505.lib : csl_i2c.obj (.bss)
                 [ 00006230 ]  00003118          *   00000008   ezdsp5535bsl.lib : ezdsp5535_sar.obj (.bss)
                 [ 00006240 ]  00003120          *   00000006   rts55x.lib : memory.obj (.bss)
                 [ 0000624c ]  00003126          *   00000004   ezdsp5535bsl.lib : ezdsp5535_gpio.obj (.bss)
                 [ 00006254 ]  0000312a          *   00000004   rts55x.lib : _lock.obj (.bss)
                 [ 0000625c ]  0000312e          *   00000004              : exit.obj (.bss)
                 [ 00006264 ]  00003132          *   00000002   aic3204.obj (.bss)
                 [ 00006268 ]  00003134          *   00000002   ezdsp5535bsl.lib : ezdsp5535_i2s.obj (.bss)

.const.1     0   [ 0000626c ]  00003136          *   00000319   
                 [ 0000626c ]  00003136          *   00000174   aic3204_init.obj (.const:.string)
                 [ 00006554 ]  000032aa          *   00000101   rts55x.lib : ctype.obj (.const:__ctypes_)
                 [ 00006756 ]  000033ab          *   00000060   print_number.obj (.const:_consolas_8ptBitmaps)
                 [ 00006816 ]  0000340b          *   00000001   print_number.obj (.const)
                 [ 00006818 ]  0000340c          *   00000024   rts55x.lib : _printfi.obj (.const:.string)
                 [ 00006860 ]  00003430          *   0000001f   main.obj (.const:.string)

.const.2     0   [ 000068a0 ]  00003450          *   00000026   
                 [ 000068a0 ]  00003450          *   0000000c   rts55x.lib : _printfi.obj (.const)
                 [ 000068b8 ]  0000345c          *   00000008              : divd.obj (.const:_initial_approx$1)
                 [ 000068c8 ]  00003464          *   00000008   main.obj (.const)
                 [ 000068d8 ]  0000346c          *   00000006   processing.obj (.const)
                 [ 000068e4 ]  00003472          *   00000002   rts55x.lib : fputs.obj (.const:.string)
                 [ 000068e8 ]  00003474          *   00000002              : fltlid.obj (.const)

.text        0     00020000  [ 00010000 ] 0000854b          *   
                   00020000  [ 00010000 ] 000015a4          *   rts55x.lib : _printfi.obj (.text)
                   000215a4  [ 00010ad2 ] 00000c3c          *   cslVC5505.lib : csl_i2c.obj (.text)
                   000221e0  [ 000110f0 ] 00000b18          *                 : csl_sar.obj (.text)
                   00022cf8  [ 0001167c ] 000009f3          *                 : csl_i2s.obj (.text)
                   000236eb  [ 00011b75+] 0000068d          *                 : csl_gpio.obj (.text)
                   00023d78  [ 00011ebc ] 000005b5          *   aic3204_init.obj (.text)
                   0002432d  [ 00012196+] 00000554          *   cslVC5505.lib : csl_intc.obj (.text)
                   00024881  [ 00012440+] 00000543          *   rts55x.lib : lowlev.obj (.text)
                   00024dc4  [ 000126e2 ] 00000528          *              : trgdrv.obj (.text)
                   000252ec  [ 00012976 ] 000004b5          *              : memory.obj (.text)
                   000257a1  [ 00012bd0+] 000003cc          *              : divd.obj (.text)
                   00025b6d  [ 00012db6+] 0000031b          *   ezdsp5535_aic3204_dma.obj (.text)
                   00025e88  [ 00012f44 ] 000002d2          *   print_number.obj (.text)
                   0002615a  [ 000130ad ] 0000027f          *   rts55x.lib : fopen.obj (.text)
                   000263d9  [ 000131ec+] 0000025e          *              : llmpy.obj (.text)
                   00026637  [ 0001331b+] 0000025a          *              : addd.obj (.text)
                   00026891  [ 00013448+] 000001ea          *              : cmpd.obj (.text)
                   00026a7b  [ 0001353d+] 000001c3          *   processing.obj (.text)
                   00026c3e  [ 0001361f ] 00000192          *   ezdsp5535bsl.lib : ezdsp5535_lcd.obj (.text)
                   00026dd0  [ 000136e8 ] 0000017a          *                    : ezdsp5535_sar.obj (.text)
                   00026f4a  [ 000137a5 ] 00000163          *   rts55x.lib : fputs.obj (.text)
                   000270ad  [ 00013856+] 0000014c          *              : mpyd.obj (.text)
                   000271f9  [ 000138fc+] 0000013d          *   main.obj (.text)
                   00027336  [ 0001399b ] 00000120          *   iir.obj (.text)
                   00027456  [ 00013a2b ] 00000107          *   ezdsp5535bsl.lib : ezdsp5535_i2s.obj (.text)
                   0002755d  [ 00013aae+] 000000e6          *   rts55x.lib : setvbuf.obj (.text)
                   00027643  [ 00013b21+] 000000dd          *              : _io_perm.obj (.text)
                   00027720  [ 00013b90 ] 000000cc          *   ezdsp5535_aic3204_dma.obj (.text:retain)
                   000277ec  [ 00013bf6 ] 000000c3          *   aic3204.obj (.text)
                   000278af  [ 00013c57+] 000000c2          *   rts55x.lib : fflush.obj (.text)
                   00027971  [ 00013cb8+] 000000ba          *              : trgmsg.obj (.text:CIO_breakpoint)
                   00027a2b  [ 00013d15+] 000000a6          *              : fputc.obj (.text)
                   00027ad1  [ 00013d68+] 000000a1          *              : divul.obj (.text)
                   00027b72  [ 00013db9 ] 0000008e          *   ezdsp5535bsl.lib : ezdsp5535_i2c.obj (.text)
                   00027c00  [ 00013e00 ] 0000008c          *   cslVC5505.lib : csl_irqplug.obj (.text)
                   00027c8c  [ 00013e46 ] 00000087          *   ezdsp5535bsl.lib : ezdsp5535_gpio.obj (.text)
                   00027d13  [ 00013e89+] 0000007d          *   rts55x.lib : ltoa.obj (.text)
                   00027d90  [ 00013ec8 ] 0000007b          *              : fclose.obj (.text)
                   00027e0b  [ 00013f05+] 00000076          *              : frcmpyd.obj (.text)
                   00027e81  [ 00013f40+] 00000073          *              : frcmpyd_div.obj (.text)
                   00027ef4  [ 00013f7a ] 00000072          *              : remul.obj (.text)
                   00027f66  [ 00013fb3 ] 0000006f          *              : fixdli.obj (.text)
                   00027fd5  [ 00013fea+] 0000006d          *   cslVC5505.lib : vectors.obj (.text)
                   00028042  [ 00014021 ] 0000006d          *   rts55x.lib : trgmsg.obj (.text)
                   000280af  [ 00014057+] 0000006b          *              : fseek.obj (.text)
                   0002811a  [ 0001408d ] 00000067          *              : fltlid.obj (.text)
                   00028181  [ 000140c0+] 0000005c          *              : atoi.obj (.text)
                   000281dd  [ 000140ee+] 00000054          *   ezdsp5535bsl.lib : ezdsp5535.obj (.text)
                   00028231  [ 00014118+] 00000050          *   rts55x.lib : printf.obj (.text)
                   00028281  [ 00014140+] 0000004d          *              : autoinit.obj (.text)
                   000282ce  [ 00014167 ] 0000004b          *              : args_main.obj (.text)
                   00028319  [ 0001418c+] 0000004b          *              : remli.obj (.text)
                   00028364  [ 000141b2 ] 00000048          *              : divli.obj (.text)
                   000283ac  [ 000141d6 ] 0000003f          *              : memcpy.obj (.text)
                   000283eb  [ 000141f5+] 0000003e          *              : exit.obj (.text)
                   00028429  [ 00014214+] 00000034          *              : boot.obj (.text)
                   0002845d  [ 0001422e+] 0000002a          *              : fixdi.obj (.text)
                   00028487  [ 00014243+] 0000002a          *              : udiv.obj (.text)
                   000284b1  [ 00014258+] 00000023          *              : memccpy.obj (.text)
                   000284d4  [ 0001426a ] 0000001a          *              : isinf.obj (.text)
                   000284ee  [ 00014277 ] 00000014          *              : subd.obj (.text)
                   00028502  [ 00014281 ] 00000013          *              : lmpy.obj (.text)
                   00028515  [ 0001428a+] 00000012          *              : _lock.obj (.text)
                   00028527  [ 00014293+] 00000010          *              : negd.obj (.text)
                   00028537  [ 0001429b+] 0000000a          *              : remove.obj (.text)
                   00028541  [ 000142a0+] 00000007          *              : exit.obj (.text:CIO_breakpoint)
                   00028548  [ 000142a4 ] 00000002          *              : vectors.obj (.text)
                   0002854a  [ 000142a5 ] 00000001          *   --HOLE-- [fill = 20]

.cio         0   [ 00040000 ]  00020000          *   00000120   UNINITIALIZED
                 [ 00040000 ]  00020000          *   00000120   rts55x.lib : trgmsg.obj (.cio)

.cinit       0   [ 00040240 ]  00020120          *   00000088   
                 [ 00040240 ]  00020120          *   0000002d   rts55x.lib : lowlev.obj (.cinit)
                 [ 0004029a ]  0002014d          *   0000002a              : defs.obj (.cinit)
                 [ 000402ee ]  00020177          *   0000000c   ezdsp5535bsl.lib : ezdsp5535_sar.obj (.cinit)
                 [ 00040306 ]  00020183          *   0000000a   rts55x.lib : _lock.obj (.cinit)
                 [ 0004031a ]  0002018d          *   0000000a              : exit.obj (.cinit)
                 [ 0004032e ]  00020197          *   00000008   cslVC5505.lib : csl_i2s.obj (.cinit)
                 [ 0004033e ]  0002019f          *   00000004   rts55x.lib : fopen.obj (.cinit)
                 [ 00040346 ]  000201a3          *   00000004              : memory.obj (.cinit)
                 [ 0004034e ]  000201a7          *   00000001   --HOLE-- [fill = 0]

.switch      0   [ 00040350 ]  000201a8          *   00000014   
                 [ 00040350 ]  000201a8          *   00000014   print_number.obj (.switch:_printChar)

vectors      0     0004fe00  [ 00027f00 ] 00000200          *   
                   0004fe00  [ 00027f00 ] 00000100          *   cslVC5505.lib : vectors.obj (vectors)
                   0004ff00  [ 00027f80 ] 00000100          *   rts55x.lib : vectors.obj (vectors)


GLOBAL SYMBOLS: SORTED ALPHABETICALLY BY Name 

abs. value/
byte addr   word addr   name
---------   ---------   ----
00000002                $TI_capability$C5500$CallingConvention
00000002                $TI_capability$C5500$MemoryModel
00000001                $TI_capability_requires_rev3
ffffffff                .bss
ffffffff                .data
ffffffff                .text
00028542                C$$EXIT
00027a26                C$$IO$$
00028502                I$$LMPY
00028487                I$$UDIV
0002849c                I$$UMOD
0004fe00                RST
000277ec                _AIC3204_rget
00027837                _AIC3204_rset
            00002868    _DMA_InputL
            00002968    _DMA_InputR
            00002a68    _DMA_OutputL
            00002b68    _DMA_OutputR
00027cf5                _EZDSP5535_GPIO_getInput
00027c8c                _EZDSP5535_GPIO_init
00027cb7                _EZDSP5535_GPIO_setDirection
00027cdb                _EZDSP5535_GPIO_setOutput
00027b72                _EZDSP5535_I2C_init
00027bd8                _EZDSP5535_I2C_read
00027ba7                _EZDSP5535_I2C_reset
00027bb2                _EZDSP5535_I2C_write
0002754b                _EZDSP5535_I2S_close
00027456                _EZDSP5535_I2S_init
000274af                _EZDSP5535_I2S_readLeft
0002750e                _EZDSP5535_I2S_readRight
000274e1                _EZDSP5535_I2S_writeLeft
0002752f                _EZDSP5535_I2S_writeRight
00026cb1                _EZDSP5535_OSD9616_init
00026c66                _EZDSP5535_OSD9616_multiSend
00026d93                _EZDSP5535_OSD9616_printLetter
00026c3e                _EZDSP5535_OSD9616_send
00026e96                _EZDSP5535_SAR_getKey
00026dd0                _EZDSP5535_SAR_init
00028223                _EZDSP5535_init
000281dd                _EZDSP5535_wait
00028211                _EZDSP5535_waitusec
00023bd6                _GPIO_clearInt
0002372f                _GPIO_close
00023753                _GPIO_config
00023986                _GPIO_configBit
00023ace                _GPIO_disableInt
00023b4c                _GPIO_enableInt
000237d8                _GPIO_getConfig
000236eb                _GPIO_open
00023860                _GPIO_read
00023ce9                _GPIO_reset
00023c62                _GPIO_statusBit
000238e3                _GPIO_write
            00003126    _GpioObj
0002528e                _HOSTclock
00025223                _HOSTclose
0002516e                _HOSTlseek
000250cf                _HOSTopen
00025042                _HOSTread
00024f94                _HOSTrename
00024f36                _HOSTtime
00024ecc                _HOSTunlink
00024e3f                _HOSTwrite
0002164d                _I2C_config
00022018                _I2C_eventDisable
00021ee4                _I2C_eventEnable
000217b2                _I2C_getConfig
000221c4                _I2C_getEventId
000215a4                _I2C_init
00021cc6                _I2C_read
00022137                _I2C_setCallback
00021888                _I2C_setup
00021a82                _I2C_write
0002312d                _I2S_close
00022cf8                _I2S_open
000231df                _I2S_read
000235ef                _I2S_reset
00022e3f                _I2S_setup
000236a0                _I2S_transEnable
00023499                _I2S_write
000243c7                _IRQ_clear
00024431                _IRQ_clearAll
00024441                _IRQ_config
00024567                _IRQ_disable
000245e5                _IRQ_disableAll
000245f3                _IRQ_enable
000246ed                _IRQ_getArg
000244d4                _IRQ_getConfig
0002483b                _IRQ_globalDisable
00024854                _IRQ_globalEnable
0002486d                _IRQ_globalRestore
0002432d                _IRQ_init
00024766                _IRQ_map
00027c00                _IRQ_plug
0002467d                _IRQ_restore
00024733                _IRQ_setArg
00024798                _IRQ_setVecs
000247c9                _IRQ_test
0004ff00                _Reset
00022763                _SAR_A2DMeasParamSet
00022bdd                _SAR_GPODirSet
000222da                _SAR_chanClose
0002235e                _SAR_chanConfig
0002265a                _SAR_chanCycSet
0002225d                _SAR_chanInit
00022278                _SAR_chanOpen
00022446                _SAR_chanSetup
0002223d                _SAR_deInit
000223d4                _SAR_getConfig
00022cb9                _SAR_getStatus
000221e0                _SAR_init
00022722                _SAR_readData
000226a9                _SAR_startConversion
000226db                _SAR_stopConversion
            0000311c    _SarHandle
            00003118    _SarObj
0004fe00                _VECSTART
            00020000    __CIOBUF_
000242d4                __I2S_init
            00001060    __STACK_END
00002000                __STACK_SIZE
00002000                __SYSMEM_SIZE
00001000                __SYSSTACK_SIZE
00000001                __TI_args_main
ffffffff                ___binit__
ffffffff                ___bss__
ffffffff                ___c_args__
            00020120    ___cinit__
ffffffff                ___data__
ffffffff                ___edata__
ffffffff                ___end__
ffffffff                ___etext__
000284d4                ___isinf
ffffffff                ___pinit__
ffffffff                ___text__
00026637                __addd
000282ce                __args_main
0002627b                __cleanup
            0000312e    __cleanup_ptr
00026a23                __cmpd
            000032aa    __ctypes_
000257a1                __divd
00028364                __divli
00026602                __divlli
00028487                __divu
00027ad1                __divul
0002650e                __divull
000278af                __doflush
            00003130    __dtors_ptr
000269ef                __eqld
0002845d                __fixdi
00027f66                __fixdli
0002811a                __fltlid
00027e0b                __frcmpyd
00027e81                __frcmpyd_div
            00002f14    __ft_end
            00002dfc    __ftable
000269a5                __geqd
0002695a                __gtrd
0002690d                __leqd
            0000312a    __lock
000268c5                __lssd
000270ad                __mpyd
00028502                __mpyli
00026456                __mpylli
00028527                __negd
00026891                __neqd
00028525                __nop
00021362                __printfi
000276c3                __rd_ok
0002851d                __register_lock
00028515                __register_unlock
00028319                __remli
00026427                __remlli
0002849c                __remu
00027ef4                __remul
000263d9                __remull
            00000060    __stack
000284ee                __subd
            00001860    __sys_memory
            00001060    __sysstack
            00002e74    __tmpnams
            0000312c    __unlock
00027643                __wrt_ok
00028541                _abort
00024cd4                _add_device
00027884                _aic3204_codec_read
0002789b                _aic3204_codec_write
00027873                _aic3204_disable
00025b6d                _aic3204_dma_init
00027861                _aic3204_hardware_init
00023d78                _aic3204_init
00025cf8                _aic3204_read_block
00025dad                _aic3204_write_block
00028181                _atoi
00028281                _auto_init
00028429                _c_int00
00026ac2                _calculatePeekCoeff
00026a7b                _calculateShelvingCoeff
0002577b                _calloc
00025773                _chkheap
00025f26                _clearLCD
00024c61                _close
            000033ab    _consolas_8ptBitmaps
            00003132    _counter1
            00003133    _counter2
000283eb                _exit
00027d90                _fclose
00027918                _fflush
00024c58                _find_registered_device
00027336                _first_order_IIR
0002639e                _fopen
00027a2b                _fputc
00026f4a                _fputs
000252ec                _free
0002571d                _free_memory
000262d5                _freopen
            00003103    _fsError
000280af                _fseek
            00003106    _gI2cObj
00024dc4                _getenv
            00003128    _hGpio
            00003134    _hI2s
            00002dec    _hp_coeffs
            00003116    _i2cHandle
00025e88                _initPrintNumber
            0000311e    _keyCnt1
            0000311f    _keyCnt2
            00002de8    _lp_coeffs
00024bf2                _lseek
00027d13                _ltoa
000271f9                _main
0002541d                _malloc
000256c3                _max_free
000284b1                _memccpy
000283ac                _memcpy
000253b8                _minit
00024b33                _open
            00003104    _ouError
            0000311b    _preKey
00025ff4                _printChar
00028231                _printf
00027a2b                _putc
00027ac2                _putchar
0002707f                _puts
00024a85                _read
00028042                _readmsg
00025512                _realloc
00028537                _remove
00024a4f                _remove_device
000249f6                _rename
            00002c68    _sampleBufferL
            00002ce8    _sampleBufferR
0002739d                _second_order_IIR
00025fd2                _setWritePointerToFirstChar
00023f69                _set_sampling_frequency_and_gain
0002755d                _setvbuf
            00002df0    _sh_coeffs
00026b70                _shelvingHP
00026bb6                _shelvingLP
00026bfa                _shelvingPeek
            0000340b    _sign_width
            00002d68    _tempBuff
000249c3                _unlink
00024881                _write
00027971                _writemsg
            00002df6    _z_x
            00002df9    _z_y
ffffffff                binit
            00020120    cinit
ffffffff                edata
ffffffff                end
ffffffff                etext
ffffffff                pinit


GLOBAL SYMBOLS: SORTED BY Symbol Address 

abs. value/
byte addr   word addr   name
---------   ---------   ----
00000001                $TI_capability_requires_rev3
00000001                __TI_args_main
00000002                $TI_capability$C5500$CallingConvention
00000002                $TI_capability$C5500$MemoryModel
            00000060    __stack
00001000                __SYSSTACK_SIZE
00002000                __STACK_SIZE
00002000                __SYSMEM_SIZE
            00001060    __STACK_END
            00001060    __sysstack
            00001860    __sys_memory
            00002868    _DMA_InputL
            00002968    _DMA_InputR
            00002a68    _DMA_OutputL
            00002b68    _DMA_OutputR
            00002c68    _sampleBufferL
            00002ce8    _sampleBufferR
            00002d68    _tempBuff
            00002de8    _lp_coeffs
            00002dec    _hp_coeffs
            00002df0    _sh_coeffs
            00002df6    _z_x
            00002df9    _z_y
            00002dfc    __ftable
            00002e74    __tmpnams
            00002f14    __ft_end
            00003103    _fsError
            00003104    _ouError
            00003106    _gI2cObj
            00003116    _i2cHandle
            00003118    _SarObj
            0000311b    _preKey
            0000311c    _SarHandle
            0000311e    _keyCnt1
            0000311f    _keyCnt2
            00003126    _GpioObj
            00003128    _hGpio
            0000312a    __lock
            0000312c    __unlock
            0000312e    __cleanup_ptr
            00003130    __dtors_ptr
            00003132    _counter1
            00003133    _counter2
            00003134    _hI2s
            000032aa    __ctypes_
            000033ab    _consolas_8ptBitmaps
            0000340b    _sign_width
00021362                __printfi
000215a4                _I2C_init
0002164d                _I2C_config
000217b2                _I2C_getConfig
00021888                _I2C_setup
00021a82                _I2C_write
00021cc6                _I2C_read
00021ee4                _I2C_eventEnable
00022018                _I2C_eventDisable
00022137                _I2C_setCallback
000221c4                _I2C_getEventId
000221e0                _SAR_init
0002223d                _SAR_deInit
0002225d                _SAR_chanInit
00022278                _SAR_chanOpen
000222da                _SAR_chanClose
0002235e                _SAR_chanConfig
000223d4                _SAR_getConfig
00022446                _SAR_chanSetup
0002265a                _SAR_chanCycSet
000226a9                _SAR_startConversion
000226db                _SAR_stopConversion
00022722                _SAR_readData
00022763                _SAR_A2DMeasParamSet
00022bdd                _SAR_GPODirSet
00022cb9                _SAR_getStatus
00022cf8                _I2S_open
00022e3f                _I2S_setup
0002312d                _I2S_close
000231df                _I2S_read
00023499                _I2S_write
000235ef                _I2S_reset
000236a0                _I2S_transEnable
000236eb                _GPIO_open
0002372f                _GPIO_close
00023753                _GPIO_config
000237d8                _GPIO_getConfig
00023860                _GPIO_read
000238e3                _GPIO_write
00023986                _GPIO_configBit
00023ace                _GPIO_disableInt
00023b4c                _GPIO_enableInt
00023bd6                _GPIO_clearInt
00023c62                _GPIO_statusBit
00023ce9                _GPIO_reset
00023d78                _aic3204_init
00023f69                _set_sampling_frequency_and_gain
000242d4                __I2S_init
0002432d                _IRQ_init
000243c7                _IRQ_clear
00024431                _IRQ_clearAll
00024441                _IRQ_config
000244d4                _IRQ_getConfig
00024567                _IRQ_disable
000245e5                _IRQ_disableAll
000245f3                _IRQ_enable
0002467d                _IRQ_restore
000246ed                _IRQ_getArg
00024733                _IRQ_setArg
00024766                _IRQ_map
00024798                _IRQ_setVecs
000247c9                _IRQ_test
0002483b                _IRQ_globalDisable
00024854                _IRQ_globalEnable
0002486d                _IRQ_globalRestore
00024881                _write
000249c3                _unlink
000249f6                _rename
00024a4f                _remove_device
00024a85                _read
00024b33                _open
00024bf2                _lseek
00024c58                _find_registered_device
00024c61                _close
00024cd4                _add_device
00024dc4                _getenv
00024e3f                _HOSTwrite
00024ecc                _HOSTunlink
00024f36                _HOSTtime
00024f94                _HOSTrename
00025042                _HOSTread
000250cf                _HOSTopen
0002516e                _HOSTlseek
00025223                _HOSTclose
0002528e                _HOSTclock
000252ec                _free
000253b8                _minit
0002541d                _malloc
00025512                _realloc
000256c3                _max_free
0002571d                _free_memory
00025773                _chkheap
0002577b                _calloc
000257a1                __divd
00025b6d                _aic3204_dma_init
00025cf8                _aic3204_read_block
00025dad                _aic3204_write_block
00025e88                _initPrintNumber
00025f26                _clearLCD
00025fd2                _setWritePointerToFirstChar
00025ff4                _printChar
0002627b                __cleanup
000262d5                _freopen
0002639e                _fopen
000263d9                __remull
00026427                __remlli
00026456                __mpylli
0002650e                __divull
00026602                __divlli
00026637                __addd
00026891                __neqd
000268c5                __lssd
0002690d                __leqd
0002695a                __gtrd
000269a5                __geqd
000269ef                __eqld
00026a23                __cmpd
00026a7b                _calculateShelvingCoeff
00026ac2                _calculatePeekCoeff
00026b70                _shelvingHP
00026bb6                _shelvingLP
00026bfa                _shelvingPeek
00026c3e                _EZDSP5535_OSD9616_send
00026c66                _EZDSP5535_OSD9616_multiSend
00026cb1                _EZDSP5535_OSD9616_init
00026d93                _EZDSP5535_OSD9616_printLetter
00026dd0                _EZDSP5535_SAR_init
00026e96                _EZDSP5535_SAR_getKey
00026f4a                _fputs
0002707f                _puts
000270ad                __mpyd
000271f9                _main
00027336                _first_order_IIR
0002739d                _second_order_IIR
00027456                _EZDSP5535_I2S_init
000274af                _EZDSP5535_I2S_readLeft
000274e1                _EZDSP5535_I2S_writeLeft
0002750e                _EZDSP5535_I2S_readRight
0002752f                _EZDSP5535_I2S_writeRight
0002754b                _EZDSP5535_I2S_close
0002755d                _setvbuf
00027643                __wrt_ok
000276c3                __rd_ok
000277ec                _AIC3204_rget
00027837                _AIC3204_rset
00027861                _aic3204_hardware_init
00027873                _aic3204_disable
00027884                _aic3204_codec_read
0002789b                _aic3204_codec_write
000278af                __doflush
00027918                _fflush
00027971                _writemsg
00027a26                C$$IO$$
00027a2b                _fputc
00027a2b                _putc
00027ac2                _putchar
00027ad1                __divul
00027b72                _EZDSP5535_I2C_init
00027ba7                _EZDSP5535_I2C_reset
00027bb2                _EZDSP5535_I2C_write
00027bd8                _EZDSP5535_I2C_read
00027c00                _IRQ_plug
00027c8c                _EZDSP5535_GPIO_init
00027cb7                _EZDSP5535_GPIO_setDirection
00027cdb                _EZDSP5535_GPIO_setOutput
00027cf5                _EZDSP5535_GPIO_getInput
00027d13                _ltoa
00027d90                _fclose
00027e0b                __frcmpyd
00027e81                __frcmpyd_div
00027ef4                __remul
00027f66                __fixdli
00028042                _readmsg
000280af                _fseek
0002811a                __fltlid
00028181                _atoi
000281dd                _EZDSP5535_wait
00028211                _EZDSP5535_waitusec
00028223                _EZDSP5535_init
00028231                _printf
00028281                _auto_init
000282ce                __args_main
00028319                __remli
00028364                __divli
000283ac                _memcpy
000283eb                _exit
00028429                _c_int00
0002845d                __fixdi
00028487                I$$UDIV
00028487                __divu
0002849c                I$$UMOD
0002849c                __remu
000284b1                _memccpy
000284d4                ___isinf
000284ee                __subd
00028502                I$$LMPY
00028502                __mpyli
00028515                __register_unlock
0002851d                __register_lock
00028525                __nop
00028527                __negd
00028537                _remove
00028541                _abort
00028542                C$$EXIT
            00020000    __CIOBUF_
            00020120    ___cinit__
            00020120    cinit
0004fe00                RST
0004fe00                _VECSTART
0004ff00                _Reset
ffffffff                .bss
ffffffff                .data
ffffffff                .text
ffffffff                ___binit__
ffffffff                ___bss__
ffffffff                ___c_args__
ffffffff                ___data__
ffffffff                ___edata__
ffffffff                ___end__
ffffffff                ___etext__
ffffffff                ___pinit__
ffffffff                ___text__
ffffffff                binit
ffffffff                edata
ffffffff                end
ffffffff                etext
ffffffff                pinit

[274 symbols]
