******************************************************************************
              TMS320C55x Linker PC v4.4.1                      
******************************************************************************
>> Linked Wed Mar 22 12:01:36 2017

OUTPUT FILE NAME:   <FilterBank.out>
ENTRY POINT SYMBOL: "_c_int00"  address: 00027921


MEMORY CONFIGURATION

         name            origin    length      used     unused   attr    fill
                        (bytes)   (bytes)    (bytes)   (bytes)
----------------------  --------  ---------  --------  --------  ----  --------
PAGE 0:
  MMR                   00000000   000000c0  00000000  000000c0  RWIX
  DARAM0                000000c0   0000ff40  00006d14  0000922c  RWIX
  SARAM0                00010000   00010000  00000000  00010000  RWIX
  SARAM1                00020000   00020000  00007a43  000185bd  RWIX
  SARAM2                00040000   0000fe00  000003a8  0000fa58  RWIX
  VECS                  0004fe00   00000200  00000200  00000000  RWIX
  PDROM                 00ff8000   00008000  00000000  00008000  R IX

PAGE 2:
  IOPORT                00000000   00020000  00000000  00020000  RWI 


SECTION ALLOCATION MAP
(Addresses surrounded by []'s are displayed for convenience only!)

output                                                          attributes/
section   page  orgn(bytes) orgn(words) len(bytes) len(words)   input sections
--------  ----  ----------- ----------- ---------- ----------   --------------
.pinit       0   [ 00040000 ]  00020000          *   00000000   UNINITIALIZED

.stack       0   [ 000000c0 ]  00000060          *   00001000   UNINITIALIZED
                 [ 000000c0 ]  00000060          *   00001000   --HOLE--

.data        0   [ 000000c0 ]  00000060          *   00000000   UNINITIALIZED

.sysstack 
*            0   [ 000020c0 ]  00001060          *   00000800   UNINITIALIZED
                 [ 000020c0 ]  00001060          *   00000800   --HOLE--

.sysmem      0   [ 000030c0 ]  00001860          *   00001000   UNINITIALIZED
                 [ 000030c0 ]  00001860          *   00001000   --HOLE--

.bss.1       0   [ 000050c0 ]  00002860          *   00000b9b   UNINITIALIZED
                 [ 000050c0 ]  00002860          *   00000408   ezdsp5535_aic3204_dma.obj (.bss)
                 [ 000058d0 ]  00002c68          *   000003e4   main.obj (.bss)
                 [ 00006098 ]  0000304c          *   00000119   rts55x.lib : defs.obj (.bss)
                 [ 000062ca ]  00003165          *   000000d0              : trgdrv.obj (.bss)
                 [ 0000646a ]  00003235          *   00000001              : fopen.obj (.bss)
                 [ 0000646c ]  00003236          *   00000084   cslVC5505.lib : csl_intc.obj (.bss)
                 [ 00006574 ]  000032ba          *   00000080   processing.obj (.bss)
                 [ 00006674 ]  0000333a          *   00000071   rts55x.lib : lowlev.obj (.bss)
                 [ 00006756 ]  000033ab          *   0000002a   cslVC5505.lib : csl_i2s.obj (.bss)
                 [ 000067aa ]  000033d5          *   00000026   filter_coeff.obj (.bss)

.bss.2       0   [ 000067f8 ]  000033fc          *   0000002c   UNINITIALIZED
                 [ 000067f8 ]  000033fc          *   00000012   cslVC5505.lib : csl_i2c.obj (.bss)
                 [ 0000681c ]  0000340e          *   00000008   ezdsp5535bsl.lib : ezdsp5535_sar.obj (.bss)
                 [ 0000682c ]  00003416          *   00000006   rts55x.lib : memory.obj (.bss)
                 [ 00006838 ]  0000341c          *   00000004              : _lock.obj (.bss)
                 [ 00006840 ]  00003420          *   00000004              : exit.obj (.bss)
                 [ 00006848 ]  00003424          *   00000002   aic3204.obj (.bss)
                 [ 0000684c ]  00003426          *   00000002   ezdsp5535bsl.lib : ezdsp5535_i2s.obj (.bss)

.const.1     0   [ 00006850 ]  00003428          *   00000275   
                 [ 00006850 ]  00003428          *   00000174   aic3204_init.obj (.const:.string)
                 [ 00006b38 ]  0000359c          *   00000101   rts55x.lib : ctype.obj (.const:__ctypes_)

.const.2     0   [ 00006d3c ]  0000369e          *   0000004e   
                 [ 00006d3c ]  0000369e          *   00000024   rts55x.lib : _printfi.obj (.const:.string)
                 [ 00006d84 ]  000036c2          *   00000012   main.obj (.const:.string)
                 [ 00006da8 ]  000036d4          *   0000000c   rts55x.lib : _printfi.obj (.const)
                 [ 00006dc0 ]  000036e0          *   00000008              : divd.obj (.const:_initial_approx$1)
                 [ 00006dd0 ]  000036e8          *   00000002              : fputs.obj (.const:.string)
                 [ 00006dd4 ]  000036ea          *   00000002              : fltlid.obj (.const)

.text        0     00020000  [ 00010000 ] 00007a43          *   
                   00020000  [ 00010000 ] 000015a4          *   rts55x.lib : _printfi.obj (.text)
                   000215a4  [ 00010ad2 ] 00000c3c          *   cslVC5505.lib : csl_i2c.obj (.text)
                   000221e0  [ 000110f0 ] 00000b18          *                 : csl_sar.obj (.text)
                   00022cf8  [ 0001167c ] 000009f3          *                 : csl_i2s.obj (.text)
                   000236eb  [ 00011b75+] 000005b5          *   aic3204_init.obj (.text)
                   00023ca0  [ 00011e50 ] 00000554          *   cslVC5505.lib : csl_intc.obj (.text)
                   000241f4  [ 000120fa ] 00000543          *   rts55x.lib : lowlev.obj (.text)
                   00024737  [ 0001239b+] 00000528          *              : trgdrv.obj (.text)
                   00024c5f  [ 0001262f+] 000004b5          *              : memory.obj (.text)
                   00025114  [ 0001288a ] 000003cc          *              : divd.obj (.text)
                   000254e0  [ 00012a70 ] 0000031b          *   ezdsp5535_aic3204_dma.obj (.text)
                   000257fb  [ 00012bfd+] 0000027f          *   rts55x.lib : fopen.obj (.text)
                   00025a7a  [ 00012d3d ] 0000025e          *              : llmpy.obj (.text)
                   00025cd8  [ 00012e6c ] 0000025a          *              : addd.obj (.text)
                   00025f32  [ 00012f99 ] 000001ea          *              : cmpd.obj (.text)
                   0002611c  [ 0001308e ] 000001d1          *   processing.obj (.text)
                   000262ed  [ 00013176+] 00000183          *   main.obj (.text)
                   00026470  [ 00013238 ] 0000017a          *   ezdsp5535bsl.lib : ezdsp5535_sar.obj (.text)
                   000265ea  [ 000132f5 ] 00000163          *   rts55x.lib : fputs.obj (.text)
                   0002674d  [ 000133a6+] 0000014c          *              : mpyd.obj (.text)
                   00026899  [ 0001344c+] 00000107          *   ezdsp5535bsl.lib : ezdsp5535_i2s.obj (.text)
                   000269a0  [ 000134d0 ] 00000100          *   fir.obj (.text)
                   00026aa0  [ 00013550 ] 000000e6          *   rts55x.lib : setvbuf.obj (.text)
                   00026b86  [ 000135c3 ] 000000dd          *              : _io_perm.obj (.text)
                   00026c63  [ 00013631+] 000000cc          *   ezdsp5535_aic3204_dma.obj (.text:retain)
                   00026d2f  [ 00013697+] 000000c3          *   aic3204.obj (.text)
                   00026df2  [ 000136f9 ] 000000c2          *   rts55x.lib : fflush.obj (.text)
                   00026eb4  [ 0001375a ] 000000ba          *              : trgmsg.obj (.text:CIO_breakpoint)
                   00026f6e  [ 000137b7 ] 000000a6          *              : fputc.obj (.text)
                   00027014  [ 0001380a ] 000000a1          *              : divul.obj (.text)
                   000270b5  [ 0001385a+] 0000008e          *   ezdsp5535bsl.lib : ezdsp5535_i2c.obj (.text)
                   00027143  [ 000138a1+] 0000008c          *   cslVC5505.lib : csl_irqplug.obj (.text)
                   000271cf  [ 000138e7+] 0000007d          *   rts55x.lib : ltoa.obj (.text)
                   0002724c  [ 00013926 ] 0000007b          *              : fclose.obj (.text)
                   000272c7  [ 00013963+] 00000076          *              : frcmpyd.obj (.text)
                   0002733d  [ 0001399e+] 00000073          *              : frcmpyd_div.obj (.text)
                   000273b0  [ 000139d8 ] 00000072          *              : remul.obj (.text)
                   00027422  [ 00013a11 ] 0000006f          *              : fixdli.obj (.text)
                   00027491  [ 00013a48+] 0000006d          *   cslVC5505.lib : vectors.obj (.text)
                   000274fe  [ 00013a7f ] 0000006d          *   rts55x.lib : trgmsg.obj (.text)
                   0002756b  [ 00013ab5+] 0000006b          *              : fseek.obj (.text)
                   000275d6  [ 00013aeb ] 00000067          *              : fltlid.obj (.text)
                   0002763d  [ 00013b1e+] 0000005c          *              : atoi.obj (.text)
                   00027699  [ 00013b4c+] 00000054          *   ezdsp5535bsl.lib : ezdsp5535.obj (.text)
                   000276ed  [ 00013b76+] 00000050          *   rts55x.lib : printf.obj (.text)
                   0002773d  [ 00013b9e+] 0000004d          *              : autoinit.obj (.text)
                   0002778a  [ 00013bc5 ] 0000004b          *              : args_main.obj (.text)
                   000277d5  [ 00013bea+] 0000004b          *              : remli.obj (.text)
                   00027820  [ 00013c10 ] 00000048          *              : divli.obj (.text)
                   00027868  [ 00013c34 ] 0000003f          *              : memcpy.obj (.text)
                   000278a7  [ 00013c53+] 0000003e          *              : exit.obj (.text)
                   000278e5  [ 00013c72+] 0000003c          *              : idiv.obj (.text)
                   00027921  [ 00013c90+] 00000034          *              : boot.obj (.text)
                   00027955  [ 00013caa+] 0000002a          *              : fixdi.obj (.text)
                   0002797f  [ 00013cbf+] 0000002a          *              : udiv.obj (.text)
                   000279a9  [ 00013cd4+] 00000023          *              : memccpy.obj (.text)
                   000279cc  [ 00013ce6 ] 0000001a          *              : isinf.obj (.text)
                   000279e6  [ 00013cf3 ] 00000014          *              : subd.obj (.text)
                   000279fa  [ 00013cfd ] 00000013          *              : lmpy.obj (.text)
                   00027a0d  [ 00013d06+] 00000012          *              : _lock.obj (.text)
                   00027a1f  [ 00013d0f+] 00000010          *              : negd.obj (.text)
                   00027a2f  [ 00013d17+] 0000000a          *              : remove.obj (.text)
                   00027a39  [ 00013d1c+] 00000007          *              : exit.obj (.text:CIO_breakpoint)
                   00027a40  [ 00013d20 ] 00000002          *              : vectors.obj (.text)
                   00027a42  [ 00013d21 ] 00000001          *   --HOLE-- [fill = 20]

.cio         0   [ 00040000 ]  00020000          *   00000120   UNINITIALIZED
                 [ 00040000 ]  00020000          *   00000120   rts55x.lib : trgmsg.obj (.cio)

.cinit       0   [ 00040240 ]  00020120          *   000000b4   
                 [ 00040240 ]  00020120          *   0000002d   rts55x.lib : lowlev.obj (.cinit)
                 [ 0004029a ]  0002014d          *   0000002c   filter_coeff.obj (.cinit)
                 [ 000402f2 ]  00020179          *   0000002a   rts55x.lib : defs.obj (.cinit)
                 [ 00040346 ]  000201a3          *   0000000c   ezdsp5535bsl.lib : ezdsp5535_sar.obj (.cinit)
                 [ 0004035e ]  000201af          *   0000000a   rts55x.lib : _lock.obj (.cinit)
                 [ 00040372 ]  000201b9          *   0000000a              : exit.obj (.cinit)
                 [ 00040386 ]  000201c3          *   00000008   cslVC5505.lib : csl_i2s.obj (.cinit)
                 [ 00040396 ]  000201cb          *   00000004   rts55x.lib : fopen.obj (.cinit)
                 [ 0004039e ]  000201cf          *   00000004              : memory.obj (.cinit)
                 [ 000403a6 ]  000201d3          *   00000001   --HOLE-- [fill = 0]

vectors      0     0004fe00  [ 00027f00 ] 00000200          *   
                   0004fe00  [ 00027f00 ] 00000100          *   cslVC5505.lib : vectors.obj (vectors)
                   0004ff00  [ 00027f80 ] 00000100          *   rts55x.lib : vectors.obj (vectors)


GLOBAL SYMBOLS: SORTED ALPHABETICALLY BY Name 

abs. value/
byte addr   word addr   name
---------   ---------   ----
00000002                $TI_capability$C5500$CallingConvention
00000002                $TI_capability$C5500$MemoryModel
00000001                $TI_capability_requires_rev3
ffffffff                .bss
ffffffff                .data
ffffffff                .text
00027a3a                C$$EXIT
00026f69                C$$IO$$
000278e5                I$$DIV
000279fa                I$$LMPY
00027904                I$$MOD
0002797f                I$$UDIV
00027994                I$$UMOD
0004fe00                RST
00026d2f                _AIC3204_rget
00026d7a                _AIC3204_rset
            00002868    _DMA_InputL
            00002968    _DMA_InputR
            00002a68    _DMA_OutputL
            00002b68    _DMA_OutputR
000270b5                _EZDSP5535_I2C_init
0002711b                _EZDSP5535_I2C_read
000270ea                _EZDSP5535_I2C_reset
000270f5                _EZDSP5535_I2C_write
0002698e                _EZDSP5535_I2S_close
00026899                _EZDSP5535_I2S_init
000268f2                _EZDSP5535_I2S_readLeft
00026951                _EZDSP5535_I2S_readRight
00026924                _EZDSP5535_I2S_writeLeft
00026972                _EZDSP5535_I2S_writeRight
00026536                _EZDSP5535_SAR_getKey
00026470                _EZDSP5535_SAR_init
000276df                _EZDSP5535_init
00027699                _EZDSP5535_wait
000276cd                _EZDSP5535_waitusec
            000033d5    _H0
            000033e8    _H1
00024c01                _HOSTclock
00024b96                _HOSTclose
00024ae1                _HOSTlseek
00024a42                _HOSTopen
000249b5                _HOSTread
00024907                _HOSTrename
000248a9                _HOSTtime
0002483f                _HOSTunlink
000247b2                _HOSTwrite
0002164d                _I2C_config
00022018                _I2C_eventDisable
00021ee4                _I2C_eventEnable
000217b2                _I2C_getConfig
000221c4                _I2C_getEventId
000215a4                _I2C_init
00021cc6                _I2C_read
00022137                _I2C_setCallback
00021888                _I2C_setup
00021a82                _I2C_write
0002312d                _I2S_close
00022cf8                _I2S_open
000231df                _I2S_read
000235ef                _I2S_reset
00022e3f                _I2S_setup
000236a0                _I2S_transEnable
00023499                _I2S_write
00023d3a                _IRQ_clear
00023da4                _IRQ_clearAll
00023db4                _IRQ_config
00023eda                _IRQ_disable
00023f58                _IRQ_disableAll
00023f66                _IRQ_enable
00024060                _IRQ_getArg
00023e47                _IRQ_getConfig
000241ae                _IRQ_globalDisable
000241c7                _IRQ_globalEnable
000241e0                _IRQ_globalRestore
00023ca0                _IRQ_init
000240d9                _IRQ_map
00027143                _IRQ_plug
00023ff0                _IRQ_restore
000240a6                _IRQ_setArg
0002410b                _IRQ_setVecs
0002413c                _IRQ_test
            00002c68    _InputBufferL
            00002d68    _InputBufferMono
            00002ce8    _InputBufferR
            00002de8    _OutputBufferMono
0004ff00                _Reset
00022763                _SAR_A2DMeasParamSet
00022bdd                _SAR_GPODirSet
000222da                _SAR_chanClose
0002235e                _SAR_chanConfig
0002265a                _SAR_chanCycSet
0002225d                _SAR_chanInit
00022278                _SAR_chanOpen
00022446                _SAR_chanSetup
0002223d                _SAR_deInit
000223d4                _SAR_getConfig
00022cb9                _SAR_getStatus
000221e0                _SAR_init
00022722                _SAR_readData
000226a9                _SAR_startConversion
000226db                _SAR_stopConversion
            00003412    _SarHandle
            0000340e    _SarObj
0004fe00                _VECSTART
            00020000    __CIOBUF_
00023c47                __I2S_init
            00001060    __STACK_END
00002000                __STACK_SIZE
00002000                __SYSMEM_SIZE
00001000                __SYSSTACK_SIZE
00000001                __TI_args_main
ffffffff                ___binit__
ffffffff                ___bss__
ffffffff                ___c_args__
            00020120    ___cinit__
ffffffff                ___data__
ffffffff                ___edata__
ffffffff                ___end__
ffffffff                ___etext__
000279cc                ___isinf
ffffffff                ___pinit__
ffffffff                ___text__
00025cd8                __addd
0002778a                __args_main
0002591c                __cleanup
            00003420    __cleanup_ptr
000260c4                __cmpd
            0000359c    __ctypes_
00025114                __divd
000278e5                __divi
00027820                __divli
00025ca3                __divlli
0002797f                __divu
00027014                __divul
00025baf                __divull
00026df2                __doflush
            00003422    __dtors_ptr
00026090                __eqld
00027955                __fixdi
00027422                __fixdli
000275d6                __fltlid
000272c7                __frcmpyd
0002733d                __frcmpyd_div
            00003164    __ft_end
            0000304c    __ftable
00026046                __geqd
00025ffb                __gtrd
00025fae                __leqd
            0000341c    __lock
00025f66                __lssd
0002674d                __mpyd
000279fa                __mpyli
00025af7                __mpylli
00027a1f                __negd
00025f32                __neqd
00027a1d                __nop
00021362                __printfi
00026c06                __rd_ok
00027a15                __register_lock
00027a0d                __register_unlock
00027904                __remi
000277d5                __remli
00025ac8                __remlli
00027994                __remu
000273b0                __remul
00025a7a                __remull
            00000060    __stack
000279e6                __subd
            00001860    __sys_memory
            00001060    __sysstack
            000030c4    __tmpnams
            0000341e    __unlock
00026b86                __wrt_ok
00027a39                _abort
00024647                _add_device
00026dc7                _aic3204_codec_read
00026dde                _aic3204_codec_write
00026db6                _aic3204_disable
000254e0                _aic3204_dma_init
00026da4                _aic3204_hardware_init
000236eb                _aic3204_init
0002566b                _aic3204_read_block
00025720                _aic3204_write_block
0002763d                _atoi
0002773d                _auto_init
00027921                _c_int00
000250ee                _calloc
000250e6                _chkheap
000245d4                _close
            00003424    _counter1
            00003425    _counter2
            00002e68    _d0
            00002ea8    _d1
            00002ee8    _d2
            00002f08    _d3
            00002f28    _d4
            00002f48    _d5
00026166                _decimate
0002611c                _downsample
000278a7                _exit
0002724c                _fclose
00026e5b                _fflush
000245cb                _find_registered_device
000269a0                _fir_basic
00026a1d                _fir_circular
00025a3f                _fopen
00026f6e                _fputc
000265ea                _fputs
00024c5f                _free
00025090                _free_memory
00025976                _freopen
            000033d3    _fsError
0002756b                _fseek
            000033fc    _gI2cObj
00024737                _getenv
            00002f68    _h0
            00002f7b    _h1
            00003026    _h10
            00003039    _h11
            00002f8e    _h2
            00002fa1    _h3
            00002fb4    _h4
            00002fc7    _h5
            00002fda    _h6
            00002fed    _h7
            00003000    _h8
            00003013    _h9
            00003426    _hI2s
            0000340c    _i2cHandle
00026261                _interpolate
            00003414    _keyCnt1
            00003415    _keyCnt2
00024565                _lseek
000271cf                _ltoa
00026330                _main
00024d90                _malloc
00025036                _max_free
000279a9                _memccpy
00027868                _memcpy
00024d2b                _minit
000244a6                _open
            000033d4    _ouError
            000032ba    _pom
            00003411    _preKey
000276ed                _printf
00026f6e                _putc
00027005                _putchar
0002671f                _puts
000243f8                _read
000274fe                _readmsg
00024e85                _realloc
00027a2f                _remove
000243c2                _remove_device
00024369                _rename
000238dc                _set_sampling_frequency_and_gain
00026aa0                _setvbuf
000262ed                _stereoToMono
00024336                _unlink
000261eb                _upsample
000241f4                _write
00026eb4                _writemsg
ffffffff                binit
            00020120    cinit
ffffffff                edata
ffffffff                end
ffffffff                etext
ffffffff                pinit


GLOBAL SYMBOLS: SORTED BY Symbol Address 

abs. value/
byte addr   word addr   name
---------   ---------   ----
00000001                $TI_capability_requires_rev3
00000001                __TI_args_main
00000002                $TI_capability$C5500$CallingConvention
00000002                $TI_capability$C5500$MemoryModel
            00000060    __stack
00001000                __SYSSTACK_SIZE
00002000                __STACK_SIZE
00002000                __SYSMEM_SIZE
            00001060    __STACK_END
            00001060    __sysstack
            00001860    __sys_memory
            00002868    _DMA_InputL
            00002968    _DMA_InputR
            00002a68    _DMA_OutputL
            00002b68    _DMA_OutputR
            00002c68    _InputBufferL
            00002ce8    _InputBufferR
            00002d68    _InputBufferMono
            00002de8    _OutputBufferMono
            00002e68    _d0
            00002ea8    _d1
            00002ee8    _d2
            00002f08    _d3
            00002f28    _d4
            00002f48    _d5
            00002f68    _h0
            00002f7b    _h1
            00002f8e    _h2
            00002fa1    _h3
            00002fb4    _h4
            00002fc7    _h5
            00002fda    _h6
            00002fed    _h7
            00003000    _h8
            00003013    _h9
            00003026    _h10
            00003039    _h11
            0000304c    __ftable
            000030c4    __tmpnams
            00003164    __ft_end
            000032ba    _pom
            000033d3    _fsError
            000033d4    _ouError
            000033d5    _H0
            000033e8    _H1
            000033fc    _gI2cObj
            0000340c    _i2cHandle
            0000340e    _SarObj
            00003411    _preKey
            00003412    _SarHandle
            00003414    _keyCnt1
            00003415    _keyCnt2
            0000341c    __lock
            0000341e    __unlock
            00003420    __cleanup_ptr
            00003422    __dtors_ptr
            00003424    _counter1
            00003425    _counter2
            00003426    _hI2s
            0000359c    __ctypes_
00021362                __printfi
000215a4                _I2C_init
0002164d                _I2C_config
000217b2                _I2C_getConfig
00021888                _I2C_setup
00021a82                _I2C_write
00021cc6                _I2C_read
00021ee4                _I2C_eventEnable
00022018                _I2C_eventDisable
00022137                _I2C_setCallback
000221c4                _I2C_getEventId
000221e0                _SAR_init
0002223d                _SAR_deInit
0002225d                _SAR_chanInit
00022278                _SAR_chanOpen
000222da                _SAR_chanClose
0002235e                _SAR_chanConfig
000223d4                _SAR_getConfig
00022446                _SAR_chanSetup
0002265a                _SAR_chanCycSet
000226a9                _SAR_startConversion
000226db                _SAR_stopConversion
00022722                _SAR_readData
00022763                _SAR_A2DMeasParamSet
00022bdd                _SAR_GPODirSet
00022cb9                _SAR_getStatus
00022cf8                _I2S_open
00022e3f                _I2S_setup
0002312d                _I2S_close
000231df                _I2S_read
00023499                _I2S_write
000235ef                _I2S_reset
000236a0                _I2S_transEnable
000236eb                _aic3204_init
000238dc                _set_sampling_frequency_and_gain
00023c47                __I2S_init
00023ca0                _IRQ_init
00023d3a                _IRQ_clear
00023da4                _IRQ_clearAll
00023db4                _IRQ_config
00023e47                _IRQ_getConfig
00023eda                _IRQ_disable
00023f58                _IRQ_disableAll
00023f66                _IRQ_enable
00023ff0                _IRQ_restore
00024060                _IRQ_getArg
000240a6                _IRQ_setArg
000240d9                _IRQ_map
0002410b                _IRQ_setVecs
0002413c                _IRQ_test
000241ae                _IRQ_globalDisable
000241c7                _IRQ_globalEnable
000241e0                _IRQ_globalRestore
000241f4                _write
00024336                _unlink
00024369                _rename
000243c2                _remove_device
000243f8                _read
000244a6                _open
00024565                _lseek
000245cb                _find_registered_device
000245d4                _close
00024647                _add_device
00024737                _getenv
000247b2                _HOSTwrite
0002483f                _HOSTunlink
000248a9                _HOSTtime
00024907                _HOSTrename
000249b5                _HOSTread
00024a42                _HOSTopen
00024ae1                _HOSTlseek
00024b96                _HOSTclose
00024c01                _HOSTclock
00024c5f                _free
00024d2b                _minit
00024d90                _malloc
00024e85                _realloc
00025036                _max_free
00025090                _free_memory
000250e6                _chkheap
000250ee                _calloc
00025114                __divd
000254e0                _aic3204_dma_init
0002566b                _aic3204_read_block
00025720                _aic3204_write_block
0002591c                __cleanup
00025976                _freopen
00025a3f                _fopen
00025a7a                __remull
00025ac8                __remlli
00025af7                __mpylli
00025baf                __divull
00025ca3                __divlli
00025cd8                __addd
00025f32                __neqd
00025f66                __lssd
00025fae                __leqd
00025ffb                __gtrd
00026046                __geqd
00026090                __eqld
000260c4                __cmpd
0002611c                _downsample
00026166                _decimate
000261eb                _upsample
00026261                _interpolate
000262ed                _stereoToMono
00026330                _main
00026470                _EZDSP5535_SAR_init
00026536                _EZDSP5535_SAR_getKey
000265ea                _fputs
0002671f                _puts
0002674d                __mpyd
00026899                _EZDSP5535_I2S_init
000268f2                _EZDSP5535_I2S_readLeft
00026924                _EZDSP5535_I2S_writeLeft
00026951                _EZDSP5535_I2S_readRight
00026972                _EZDSP5535_I2S_writeRight
0002698e                _EZDSP5535_I2S_close
000269a0                _fir_basic
00026a1d                _fir_circular
00026aa0                _setvbuf
00026b86                __wrt_ok
00026c06                __rd_ok
00026d2f                _AIC3204_rget
00026d7a                _AIC3204_rset
00026da4                _aic3204_hardware_init
00026db6                _aic3204_disable
00026dc7                _aic3204_codec_read
00026dde                _aic3204_codec_write
00026df2                __doflush
00026e5b                _fflush
00026eb4                _writemsg
00026f69                C$$IO$$
00026f6e                _fputc
00026f6e                _putc
00027005                _putchar
00027014                __divul
000270b5                _EZDSP5535_I2C_init
000270ea                _EZDSP5535_I2C_reset
000270f5                _EZDSP5535_I2C_write
0002711b                _EZDSP5535_I2C_read
00027143                _IRQ_plug
000271cf                _ltoa
0002724c                _fclose
000272c7                __frcmpyd
0002733d                __frcmpyd_div
000273b0                __remul
00027422                __fixdli
000274fe                _readmsg
0002756b                _fseek
000275d6                __fltlid
0002763d                _atoi
00027699                _EZDSP5535_wait
000276cd                _EZDSP5535_waitusec
000276df                _EZDSP5535_init
000276ed                _printf
0002773d                _auto_init
0002778a                __args_main
000277d5                __remli
00027820                __divli
00027868                _memcpy
000278a7                _exit
000278e5                I$$DIV
000278e5                __divi
00027904                I$$MOD
00027904                __remi
00027921                _c_int00
00027955                __fixdi
0002797f                I$$UDIV
0002797f                __divu
00027994                I$$UMOD
00027994                __remu
000279a9                _memccpy
000279cc                ___isinf
000279e6                __subd
000279fa                I$$LMPY
000279fa                __mpyli
00027a0d                __register_unlock
00027a15                __register_lock
00027a1d                __nop
00027a1f                __negd
00027a2f                _remove
00027a39                _abort
00027a3a                C$$EXIT
            00020000    __CIOBUF_
            00020120    ___cinit__
            00020120    cinit
0004fe00                RST
0004fe00                _VECSTART
0004ff00                _Reset
ffffffff                .bss
ffffffff                .data
ffffffff                .text
ffffffff                ___binit__
ffffffff                ___bss__
ffffffff                ___c_args__
ffffffff                ___data__
ffffffff                ___edata__
ffffffff                ___end__
ffffffff                ___etext__
ffffffff                ___pinit__
ffffffff                ___text__
ffffffff                binit
ffffffff                edata
ffffffff                end
ffffffff                etext
ffffffff                pinit

[267 symbols]
