<?xml version="1.0"?>
<link_info>
   <banner>TMS320C55x Linker PC v4.4.1</banner>
   <copyright>Copyright (c) 1996-2012 Texas Instruments Incorporated</copyright>
   <link_time>0x58d25990</link_time>
   <output_file>FilterBank.out</output_file>
   <entry_point>
      <name>_c_int00</name>
      <address>0x27921</address>
   </entry_point>
   <input_file_list>
      <input_file id="fl-2">
         <path>.\</path>
         <kind>object</kind>
         <file>aic3204.obj</file>
         <name>aic3204.obj</name>
      </input_file>
      <input_file id="fl-3">
         <path>.\</path>
         <kind>object</kind>
         <file>aic3204_init.obj</file>
         <name>aic3204_init.obj</name>
      </input_file>
      <input_file id="fl-4">
         <path>.\</path>
         <kind>object</kind>
         <file>ezdsp5535_aic3204_dma.obj</file>
         <name>ezdsp5535_aic3204_dma.obj</name>
      </input_file>
      <input_file id="fl-5">
         <path>.\</path>
         <kind>object</kind>
         <file>filter_coeff.obj</file>
         <name>filter_coeff.obj</name>
      </input_file>
      <input_file id="fl-6">
         <path>.\</path>
         <kind>object</kind>
         <file>fir.obj</file>
         <name>fir.obj</name>
      </input_file>
      <input_file id="fl-7">
         <path>.\</path>
         <kind>object</kind>
         <file>main.obj</file>
         <name>main.obj</name>
      </input_file>
      <input_file id="fl-8">
         <path>.\</path>
         <kind>object</kind>
         <file>processing.obj</file>
         <name>processing.obj</name>
      </input_file>
      <input_file id="fl-11">
         <path>..\lib\</path>
         <kind>archive</kind>
         <file>ezdsp5535bsl.lib</file>
         <name>ezdsp5535_sar.obj</name>
      </input_file>
      <input_file id="fl-12">
         <path>..\lib\</path>
         <kind>archive</kind>
         <file>ezdsp5535bsl.lib</file>
         <name>ezdsp5535_i2s.obj</name>
      </input_file>
      <input_file id="fl-13">
         <path>..\lib\</path>
         <kind>archive</kind>
         <file>ezdsp5535bsl.lib</file>
         <name>ezdsp5535_i2c.obj</name>
      </input_file>
      <input_file id="fl-14">
         <path>..\lib\</path>
         <kind>archive</kind>
         <file>ezdsp5535bsl.lib</file>
         <name>ezdsp5535.obj</name>
      </input_file>
      <input_file id="fl-15">
         <path>..\c55xx_csl\lib\</path>
         <kind>archive</kind>
         <file>cslVC5505.lib</file>
         <name>vectors.obj</name>
      </input_file>
      <input_file id="fl-16">
         <path>..\c55xx_csl\lib\</path>
         <kind>archive</kind>
         <file>cslVC5505.lib</file>
         <name>csl_sar.obj</name>
      </input_file>
      <input_file id="fl-17">
         <path>..\c55xx_csl\lib\</path>
         <kind>archive</kind>
         <file>cslVC5505.lib</file>
         <name>csl_irqplug.obj</name>
      </input_file>
      <input_file id="fl-18">
         <path>..\c55xx_csl\lib\</path>
         <kind>archive</kind>
         <file>cslVC5505.lib</file>
         <name>csl_intc.obj</name>
      </input_file>
      <input_file id="fl-19">
         <path>..\c55xx_csl\lib\</path>
         <kind>archive</kind>
         <file>cslVC5505.lib</file>
         <name>csl_i2s.obj</name>
      </input_file>
      <input_file id="fl-1a">
         <path>..\c55xx_csl\lib\</path>
         <kind>archive</kind>
         <file>cslVC5505.lib</file>
         <name>csl_i2c.obj</name>
      </input_file>
      <input_file id="fl-1b">
         <path>C:\ti\ccsv6\tools\compiler\c5500_4.4.1\lib\</path>
         <kind>archive</kind>
         <file>rts55x.lib</file>
         <name>boot.obj</name>
      </input_file>
      <input_file id="fl-1c">
         <path>C:\ti\ccsv6\tools\compiler\c5500_4.4.1\lib\</path>
         <kind>archive</kind>
         <file>rts55x.lib</file>
         <name>divul.obj</name>
      </input_file>
      <input_file id="fl-1d">
         <path>C:\ti\ccsv6\tools\compiler\c5500_4.4.1\lib\</path>
         <kind>archive</kind>
         <file>rts55x.lib</file>
         <name>exit.obj</name>
      </input_file>
      <input_file id="fl-1e">
         <path>C:\ti\ccsv6\tools\compiler\c5500_4.4.1\lib\</path>
         <kind>archive</kind>
         <file>rts55x.lib</file>
         <name>idiv.obj</name>
      </input_file>
      <input_file id="fl-1f">
         <path>C:\ti\ccsv6\tools\compiler\c5500_4.4.1\lib\</path>
         <kind>archive</kind>
         <file>rts55x.lib</file>
         <name>lmpy.obj</name>
      </input_file>
      <input_file id="fl-20">
         <path>C:\ti\ccsv6\tools\compiler\c5500_4.4.1\lib\</path>
         <kind>archive</kind>
         <file>rts55x.lib</file>
         <name>printf.obj</name>
      </input_file>
      <input_file id="fl-21">
         <path>C:\ti\ccsv6\tools\compiler\c5500_4.4.1\lib\</path>
         <kind>archive</kind>
         <file>rts55x.lib</file>
         <name>remul.obj</name>
      </input_file>
      <input_file id="fl-22">
         <path>C:\ti\ccsv6\tools\compiler\c5500_4.4.1\lib\</path>
         <kind>archive</kind>
         <file>rts55x.lib</file>
         <name>vectors.obj</name>
      </input_file>
      <input_file id="fl-23">
         <path>C:\ti\ccsv6\tools\compiler\c5500_4.4.1\lib\</path>
         <kind>archive</kind>
         <file>rts55x.lib</file>
         <name>_lock.obj</name>
      </input_file>
      <input_file id="fl-24">
         <path>C:\ti\ccsv6\tools\compiler\c5500_4.4.1\lib\</path>
         <kind>archive</kind>
         <file>rts55x.lib</file>
         <name>_printfi.obj</name>
      </input_file>
      <input_file id="fl-25">
         <path>C:\ti\ccsv6\tools\compiler\c5500_4.4.1\lib\</path>
         <kind>archive</kind>
         <file>rts55x.lib</file>
         <name>args_main.obj</name>
      </input_file>
      <input_file id="fl-26">
         <path>C:\ti\ccsv6\tools\compiler\c5500_4.4.1\lib\</path>
         <kind>archive</kind>
         <file>rts55x.lib</file>
         <name>atoi.obj</name>
      </input_file>
      <input_file id="fl-27">
         <path>C:\ti\ccsv6\tools\compiler\c5500_4.4.1\lib\</path>
         <kind>archive</kind>
         <file>rts55x.lib</file>
         <name>autoinit.obj</name>
      </input_file>
      <input_file id="fl-28">
         <path>C:\ti\ccsv6\tools\compiler\c5500_4.4.1\lib\</path>
         <kind>archive</kind>
         <file>rts55x.lib</file>
         <name>cmpd.obj</name>
      </input_file>
      <input_file id="fl-29">
         <path>C:\ti\ccsv6\tools\compiler\c5500_4.4.1\lib\</path>
         <kind>archive</kind>
         <file>rts55x.lib</file>
         <name>ctype.obj</name>
      </input_file>
      <input_file id="fl-2a">
         <path>C:\ti\ccsv6\tools\compiler\c5500_4.4.1\lib\</path>
         <kind>archive</kind>
         <file>rts55x.lib</file>
         <name>defs.obj</name>
      </input_file>
      <input_file id="fl-2b">
         <path>C:\ti\ccsv6\tools\compiler\c5500_4.4.1\lib\</path>
         <kind>archive</kind>
         <file>rts55x.lib</file>
         <name>divd.obj</name>
      </input_file>
      <input_file id="fl-2c">
         <path>C:\ti\ccsv6\tools\compiler\c5500_4.4.1\lib\</path>
         <kind>archive</kind>
         <file>rts55x.lib</file>
         <name>fixdi.obj</name>
      </input_file>
      <input_file id="fl-2d">
         <path>C:\ti\ccsv6\tools\compiler\c5500_4.4.1\lib\</path>
         <kind>archive</kind>
         <file>rts55x.lib</file>
         <name>fixdli.obj</name>
      </input_file>
      <input_file id="fl-2e">
         <path>C:\ti\ccsv6\tools\compiler\c5500_4.4.1\lib\</path>
         <kind>archive</kind>
         <file>rts55x.lib</file>
         <name>fltlid.obj</name>
      </input_file>
      <input_file id="fl-2f">
         <path>C:\ti\ccsv6\tools\compiler\c5500_4.4.1\lib\</path>
         <kind>archive</kind>
         <file>rts55x.lib</file>
         <name>fputc.obj</name>
      </input_file>
      <input_file id="fl-30">
         <path>C:\ti\ccsv6\tools\compiler\c5500_4.4.1\lib\</path>
         <kind>archive</kind>
         <file>rts55x.lib</file>
         <name>fputs.obj</name>
      </input_file>
      <input_file id="fl-31">
         <path>C:\ti\ccsv6\tools\compiler\c5500_4.4.1\lib\</path>
         <kind>archive</kind>
         <file>rts55x.lib</file>
         <name>frcmpyd_div.obj</name>
      </input_file>
      <input_file id="fl-32">
         <path>C:\ti\ccsv6\tools\compiler\c5500_4.4.1\lib\</path>
         <kind>archive</kind>
         <file>rts55x.lib</file>
         <name>isinf.obj</name>
      </input_file>
      <input_file id="fl-33">
         <path>C:\ti\ccsv6\tools\compiler\c5500_4.4.1\lib\</path>
         <kind>archive</kind>
         <file>rts55x.lib</file>
         <name>llmpy.obj</name>
      </input_file>
      <input_file id="fl-34">
         <path>C:\ti\ccsv6\tools\compiler\c5500_4.4.1\lib\</path>
         <kind>archive</kind>
         <file>rts55x.lib</file>
         <name>lowlev.obj</name>
      </input_file>
      <input_file id="fl-35">
         <path>C:\ti\ccsv6\tools\compiler\c5500_4.4.1\lib\</path>
         <kind>archive</kind>
         <file>rts55x.lib</file>
         <name>ltoa.obj</name>
      </input_file>
      <input_file id="fl-36">
         <path>C:\ti\ccsv6\tools\compiler\c5500_4.4.1\lib\</path>
         <kind>archive</kind>
         <file>rts55x.lib</file>
         <name>memccpy.obj</name>
      </input_file>
      <input_file id="fl-37">
         <path>C:\ti\ccsv6\tools\compiler\c5500_4.4.1\lib\</path>
         <kind>archive</kind>
         <file>rts55x.lib</file>
         <name>memcpy.obj</name>
      </input_file>
      <input_file id="fl-38">
         <path>C:\ti\ccsv6\tools\compiler\c5500_4.4.1\lib\</path>
         <kind>archive</kind>
         <file>rts55x.lib</file>
         <name>mpyd.obj</name>
      </input_file>
      <input_file id="fl-39">
         <path>C:\ti\ccsv6\tools\compiler\c5500_4.4.1\lib\</path>
         <kind>archive</kind>
         <file>rts55x.lib</file>
         <name>negd.obj</name>
      </input_file>
      <input_file id="fl-3a">
         <path>C:\ti\ccsv6\tools\compiler\c5500_4.4.1\lib\</path>
         <kind>archive</kind>
         <file>rts55x.lib</file>
         <name>remli.obj</name>
      </input_file>
      <input_file id="fl-3b">
         <path>C:\ti\ccsv6\tools\compiler\c5500_4.4.1\lib\</path>
         <kind>archive</kind>
         <file>rts55x.lib</file>
         <name>subd.obj</name>
      </input_file>
      <input_file id="fl-3c">
         <path>C:\ti\ccsv6\tools\compiler\c5500_4.4.1\lib\</path>
         <kind>archive</kind>
         <file>rts55x.lib</file>
         <name>trgdrv.obj</name>
      </input_file>
      <input_file id="fl-3d">
         <path>C:\ti\ccsv6\tools\compiler\c5500_4.4.1\lib\</path>
         <kind>archive</kind>
         <file>rts55x.lib</file>
         <name>trgmsg.obj</name>
      </input_file>
      <input_file id="fl-3e">
         <path>C:\ti\ccsv6\tools\compiler\c5500_4.4.1\lib\</path>
         <kind>archive</kind>
         <file>rts55x.lib</file>
         <name>udiv.obj</name>
      </input_file>
      <input_file id="fl-3f">
         <path>C:\ti\ccsv6\tools\compiler\c5500_4.4.1\lib\</path>
         <kind>archive</kind>
         <file>rts55x.lib</file>
         <name>_io_perm.obj</name>
      </input_file>
      <input_file id="fl-40">
         <path>C:\ti\ccsv6\tools\compiler\c5500_4.4.1\lib\</path>
         <kind>archive</kind>
         <file>rts55x.lib</file>
         <name>addd.obj</name>
      </input_file>
      <input_file id="fl-41">
         <path>C:\ti\ccsv6\tools\compiler\c5500_4.4.1\lib\</path>
         <kind>archive</kind>
         <file>rts55x.lib</file>
         <name>divli.obj</name>
      </input_file>
      <input_file id="fl-42">
         <path>C:\ti\ccsv6\tools\compiler\c5500_4.4.1\lib\</path>
         <kind>archive</kind>
         <file>rts55x.lib</file>
         <name>fflush.obj</name>
      </input_file>
      <input_file id="fl-43">
         <path>C:\ti\ccsv6\tools\compiler\c5500_4.4.1\lib\</path>
         <kind>archive</kind>
         <file>rts55x.lib</file>
         <name>frcmpyd.obj</name>
      </input_file>
      <input_file id="fl-44">
         <path>C:\ti\ccsv6\tools\compiler\c5500_4.4.1\lib\</path>
         <kind>archive</kind>
         <file>rts55x.lib</file>
         <name>fseek.obj</name>
      </input_file>
      <input_file id="fl-45">
         <path>C:\ti\ccsv6\tools\compiler\c5500_4.4.1\lib\</path>
         <kind>archive</kind>
         <file>rts55x.lib</file>
         <name>setvbuf.obj</name>
      </input_file>
      <input_file id="fl-46">
         <path>C:\ti\ccsv6\tools\compiler\c5500_4.4.1\lib\</path>
         <kind>archive</kind>
         <file>rts55x.lib</file>
         <name>fopen.obj</name>
      </input_file>
      <input_file id="fl-47">
         <path>C:\ti\ccsv6\tools\compiler\c5500_4.4.1\lib\</path>
         <kind>archive</kind>
         <file>rts55x.lib</file>
         <name>memory.obj</name>
      </input_file>
      <input_file id="fl-48">
         <path>C:\ti\ccsv6\tools\compiler\c5500_4.4.1\lib\</path>
         <kind>archive</kind>
         <file>rts55x.lib</file>
         <name>fclose.obj</name>
      </input_file>
      <input_file id="fl-49">
         <path>C:\ti\ccsv6\tools\compiler\c5500_4.4.1\lib\</path>
         <kind>archive</kind>
         <file>rts55x.lib</file>
         <name>remove.obj</name>
      </input_file>
   </input_file_list>
   <object_component_list>
      <object_component id="oc-9c">
         <name>.text</name>
         <load_address>0x20000</load_address>
         <run_address>0x20000</run_address>
         <size>0x15a4</size>
         <input_file_ref idref="fl-24"/>
      </object_component>
      <object_component id="oc-6d">
         <name>.text</name>
         <load_address>0x215a4</load_address>
         <run_address>0x215a4</run_address>
         <size>0xc3c</size>
         <input_file_ref idref="fl-1a"/>
      </object_component>
      <object_component id="oc-57">
         <name>.text</name>
         <load_address>0x221e0</load_address>
         <run_address>0x221e0</run_address>
         <size>0xb18</size>
         <input_file_ref idref="fl-16"/>
      </object_component>
      <object_component id="oc-66">
         <name>.text</name>
         <load_address>0x22cf8</load_address>
         <run_address>0x22cf8</run_address>
         <size>0x9f3</size>
         <input_file_ref idref="fl-19"/>
      </object_component>
      <object_component id="oc-18">
         <name>.text</name>
         <load_address>0x236eb</load_address>
         <run_address>0x236eb</run_address>
         <size>0x5b5</size>
         <input_file_ref idref="fl-3"/>
      </object_component>
      <object_component id="oc-60">
         <name>.text</name>
         <load_address>0x23ca0</load_address>
         <run_address>0x23ca0</run_address>
         <size>0x554</size>
         <input_file_ref idref="fl-18"/>
      </object_component>
      <object_component id="oc-de">
         <name>.text</name>
         <load_address>0x241f4</load_address>
         <run_address>0x241f4</run_address>
         <size>0x543</size>
         <input_file_ref idref="fl-34"/>
      </object_component>
      <object_component id="oc-100">
         <name>.text</name>
         <load_address>0x24737</load_address>
         <run_address>0x24737</run_address>
         <size>0x528</size>
         <input_file_ref idref="fl-3c"/>
      </object_component>
      <object_component id="oc-131">
         <name>.text</name>
         <load_address>0x24c5f</load_address>
         <run_address>0x24c5f</run_address>
         <size>0x4b5</size>
         <input_file_ref idref="fl-47"/>
      </object_component>
      <object_component id="oc-b8">
         <name>.text</name>
         <load_address>0x25114</load_address>
         <run_address>0x25114</run_address>
         <size>0x3cc</size>
         <input_file_ref idref="fl-2b"/>
      </object_component>
      <object_component id="oc-1e">
         <name>.text</name>
         <load_address>0x254e0</load_address>
         <run_address>0x254e0</run_address>
         <size>0x31b</size>
         <input_file_ref idref="fl-4"/>
      </object_component>
      <object_component id="oc-12b">
         <name>.text</name>
         <load_address>0x257fb</load_address>
         <run_address>0x257fb</run_address>
         <size>0x27f</size>
         <input_file_ref idref="fl-46"/>
      </object_component>
      <object_component id="oc-da">
         <name>.text</name>
         <load_address>0x25a7a</load_address>
         <run_address>0x25a7a</run_address>
         <size>0x25e</size>
         <input_file_ref idref="fl-33"/>
      </object_component>
      <object_component id="oc-113">
         <name>.text</name>
         <load_address>0x25cd8</load_address>
         <run_address>0x25cd8</run_address>
         <size>0x25a</size>
         <input_file_ref idref="fl-40"/>
      </object_component>
      <object_component id="oc-ae">
         <name>.text</name>
         <load_address>0x25f32</load_address>
         <run_address>0x25f32</run_address>
         <size>0x1ea</size>
         <input_file_ref idref="fl-28"/>
      </object_component>
      <object_component id="oc-35">
         <name>.text</name>
         <load_address>0x2611c</load_address>
         <run_address>0x2611c</run_address>
         <size>0x1d1</size>
         <input_file_ref idref="fl-8"/>
      </object_component>
      <object_component id="oc-2e">
         <name>.text</name>
         <load_address>0x262ed</load_address>
         <run_address>0x262ed</run_address>
         <size>0x183</size>
         <input_file_ref idref="fl-7"/>
      </object_component>
      <object_component id="oc-3b">
         <name>.text</name>
         <load_address>0x26470</load_address>
         <run_address>0x26470</run_address>
         <size>0x17a</size>
         <input_file_ref idref="fl-11"/>
      </object_component>
      <object_component id="oc-cd">
         <name>.text</name>
         <load_address>0x265ea</load_address>
         <run_address>0x265ea</run_address>
         <size>0x163</size>
         <input_file_ref idref="fl-30"/>
      </object_component>
      <object_component id="oc-f0">
         <name>.text</name>
         <load_address>0x2674d</load_address>
         <run_address>0x2674d</run_address>
         <size>0x14c</size>
         <input_file_ref idref="fl-38"/>
      </object_component>
      <object_component id="oc-42">
         <name>.text</name>
         <load_address>0x26899</load_address>
         <run_address>0x26899</run_address>
         <size>0x107</size>
         <input_file_ref idref="fl-12"/>
      </object_component>
      <object_component id="oc-29">
         <name>.text</name>
         <load_address>0x269a0</load_address>
         <run_address>0x269a0</run_address>
         <size>0x100</size>
         <input_file_ref idref="fl-6"/>
      </object_component>
      <object_component id="oc-127">
         <name>.text</name>
         <load_address>0x26aa0</load_address>
         <run_address>0x26aa0</run_address>
         <size>0xe6</size>
         <input_file_ref idref="fl-45"/>
      </object_component>
      <object_component id="oc-10f">
         <name>.text</name>
         <load_address>0x26b86</load_address>
         <run_address>0x26b86</run_address>
         <size>0xdd</size>
         <input_file_ref idref="fl-3f"/>
      </object_component>
      <object_component id="oc-21">
         <name>.text:retain</name>
         <load_address>0x26c63</load_address>
         <run_address>0x26c63</run_address>
         <size>0xcc</size>
         <input_file_ref idref="fl-4"/>
      </object_component>
      <object_component id="oc-12">
         <name>.text</name>
         <load_address>0x26d2f</load_address>
         <run_address>0x26d2f</run_address>
         <size>0xc3</size>
         <input_file_ref idref="fl-2"/>
      </object_component>
      <object_component id="oc-11b">
         <name>.text</name>
         <load_address>0x26df2</load_address>
         <run_address>0x26df2</run_address>
         <size>0xc2</size>
         <input_file_ref idref="fl-42"/>
      </object_component>
      <object_component id="oc-108">
         <name>.text:CIO_breakpoint</name>
         <load_address>0x26eb4</load_address>
         <run_address>0x26eb4</run_address>
         <size>0xba</size>
         <input_file_ref idref="fl-3d"/>
      </object_component>
      <object_component id="oc-c9">
         <name>.text</name>
         <load_address>0x26f6e</load_address>
         <run_address>0x26f6e</run_address>
         <size>0xa6</size>
         <input_file_ref idref="fl-2f"/>
      </object_component>
      <object_component id="oc-77">
         <name>.text</name>
         <load_address>0x27014</load_address>
         <run_address>0x27014</run_address>
         <size>0xa1</size>
         <input_file_ref idref="fl-1c"/>
      </object_component>
      <object_component id="oc-48">
         <name>.text</name>
         <load_address>0x270b5</load_address>
         <run_address>0x270b5</run_address>
         <size>0x8e</size>
         <input_file_ref idref="fl-13"/>
      </object_component>
      <object_component id="oc-5c">
         <name>.text</name>
         <load_address>0x27143</load_address>
         <run_address>0x27143</run_address>
         <size>0x8c</size>
         <input_file_ref idref="fl-17"/>
      </object_component>
      <object_component id="oc-e4">
         <name>.text</name>
         <load_address>0x271cf</load_address>
         <run_address>0x271cf</run_address>
         <size>0x7d</size>
         <input_file_ref idref="fl-35"/>
      </object_component>
      <object_component id="oc-138">
         <name>.text</name>
         <load_address>0x2724c</load_address>
         <run_address>0x2724c</run_address>
         <size>0x7b</size>
         <input_file_ref idref="fl-48"/>
      </object_component>
      <object_component id="oc-11f">
         <name>.text</name>
         <load_address>0x272c7</load_address>
         <run_address>0x272c7</run_address>
         <size>0x76</size>
         <input_file_ref idref="fl-43"/>
      </object_component>
      <object_component id="oc-d2">
         <name>.text</name>
         <load_address>0x2733d</load_address>
         <run_address>0x2733d</run_address>
         <size>0x73</size>
         <input_file_ref idref="fl-31"/>
      </object_component>
      <object_component id="oc-8e">
         <name>.text</name>
         <load_address>0x273b0</load_address>
         <run_address>0x273b0</run_address>
         <size>0x72</size>
         <input_file_ref idref="fl-21"/>
      </object_component>
      <object_component id="oc-c0">
         <name>.text</name>
         <load_address>0x27422</load_address>
         <run_address>0x27422</run_address>
         <size>0x6f</size>
         <input_file_ref idref="fl-2d"/>
      </object_component>
      <object_component id="oc-52">
         <name>.text</name>
         <load_address>0x27491</load_address>
         <run_address>0x27491</run_address>
         <size>0x6d</size>
         <input_file_ref idref="fl-15"/>
      </object_component>
      <object_component id="oc-105">
         <name>.text</name>
         <load_address>0x274fe</load_address>
         <run_address>0x274fe</run_address>
         <size>0x6d</size>
         <input_file_ref idref="fl-3d"/>
      </object_component>
      <object_component id="oc-123">
         <name>.text</name>
         <load_address>0x2756b</load_address>
         <run_address>0x2756b</run_address>
         <size>0x6b</size>
         <input_file_ref idref="fl-44"/>
      </object_component>
      <object_component id="oc-c4">
         <name>.text</name>
         <load_address>0x275d6</load_address>
         <run_address>0x275d6</run_address>
         <size>0x67</size>
         <input_file_ref idref="fl-2e"/>
      </object_component>
      <object_component id="oc-a6">
         <name>.text</name>
         <load_address>0x2763d</load_address>
         <run_address>0x2763d</run_address>
         <size>0x5c</size>
         <input_file_ref idref="fl-26"/>
      </object_component>
      <object_component id="oc-4d">
         <name>.text</name>
         <load_address>0x27699</load_address>
         <run_address>0x27699</run_address>
         <size>0x54</size>
         <input_file_ref idref="fl-14"/>
      </object_component>
      <object_component id="oc-8a">
         <name>.text</name>
         <load_address>0x276ed</load_address>
         <run_address>0x276ed</run_address>
         <size>0x50</size>
         <input_file_ref idref="fl-20"/>
      </object_component>
      <object_component id="oc-aa">
         <name>.text</name>
         <load_address>0x2773d</load_address>
         <run_address>0x2773d</run_address>
         <size>0x4d</size>
         <input_file_ref idref="fl-27"/>
      </object_component>
      <object_component id="oc-a2">
         <name>.text</name>
         <load_address>0x2778a</load_address>
         <run_address>0x2778a</run_address>
         <size>0x4b</size>
         <input_file_ref idref="fl-25"/>
      </object_component>
      <object_component id="oc-f8">
         <name>.text</name>
         <load_address>0x277d5</load_address>
         <run_address>0x277d5</run_address>
         <size>0x4b</size>
         <input_file_ref idref="fl-3a"/>
      </object_component>
      <object_component id="oc-117">
         <name>.text</name>
         <load_address>0x27820</load_address>
         <run_address>0x27820</run_address>
         <size>0x48</size>
         <input_file_ref idref="fl-41"/>
      </object_component>
      <object_component id="oc-ec">
         <name>.text</name>
         <load_address>0x27868</load_address>
         <run_address>0x27868</run_address>
         <size>0x3f</size>
         <input_file_ref idref="fl-37"/>
      </object_component>
      <object_component id="oc-7b">
         <name>.text</name>
         <load_address>0x278a7</load_address>
         <run_address>0x278a7</run_address>
         <size>0x3e</size>
         <input_file_ref idref="fl-1d"/>
      </object_component>
      <object_component id="oc-82">
         <name>.text</name>
         <load_address>0x278e5</load_address>
         <run_address>0x278e5</run_address>
         <size>0x3c</size>
         <input_file_ref idref="fl-1e"/>
      </object_component>
      <object_component id="oc-10">
         <name>.text</name>
         <load_address>0x27921</load_address>
         <run_address>0x27921</run_address>
         <size>0x34</size>
         <input_file_ref idref="fl-1b"/>
      </object_component>
      <object_component id="oc-bc">
         <name>.text</name>
         <load_address>0x27955</load_address>
         <run_address>0x27955</run_address>
         <size>0x2a</size>
         <input_file_ref idref="fl-2c"/>
      </object_component>
      <object_component id="oc-10b">
         <name>.text</name>
         <load_address>0x2797f</load_address>
         <run_address>0x2797f</run_address>
         <size>0x2a</size>
         <input_file_ref idref="fl-3e"/>
      </object_component>
      <object_component id="oc-e8">
         <name>.text</name>
         <load_address>0x279a9</load_address>
         <run_address>0x279a9</run_address>
         <size>0x23</size>
         <input_file_ref idref="fl-36"/>
      </object_component>
      <object_component id="oc-d6">
         <name>.text</name>
         <load_address>0x279cc</load_address>
         <run_address>0x279cc</run_address>
         <size>0x1a</size>
         <input_file_ref idref="fl-32"/>
      </object_component>
      <object_component id="oc-fc">
         <name>.text</name>
         <load_address>0x279e6</load_address>
         <run_address>0x279e6</run_address>
         <size>0x14</size>
         <input_file_ref idref="fl-3b"/>
      </object_component>
      <object_component id="oc-86">
         <name>.text</name>
         <load_address>0x279fa</load_address>
         <run_address>0x279fa</run_address>
         <size>0x13</size>
         <input_file_ref idref="fl-1f"/>
      </object_component>
      <object_component id="oc-96">
         <name>.text</name>
         <load_address>0x27a0d</load_address>
         <run_address>0x27a0d</run_address>
         <size>0x12</size>
         <input_file_ref idref="fl-23"/>
      </object_component>
      <object_component id="oc-f4">
         <name>.text</name>
         <load_address>0x27a1f</load_address>
         <run_address>0x27a1f</run_address>
         <size>0x10</size>
         <input_file_ref idref="fl-39"/>
      </object_component>
      <object_component id="oc-13c">
         <name>.text</name>
         <load_address>0x27a2f</load_address>
         <run_address>0x27a2f</run_address>
         <size>0xa</size>
         <input_file_ref idref="fl-49"/>
      </object_component>
      <object_component id="oc-7f">
         <name>.text:CIO_breakpoint</name>
         <load_address>0x27a39</load_address>
         <run_address>0x27a39</run_address>
         <size>0x7</size>
         <input_file_ref idref="fl-1d"/>
      </object_component>
      <object_component id="oc-92">
         <name>.text</name>
         <load_address>0x27a40</load_address>
         <run_address>0x27a40</run_address>
         <size>0x2</size>
         <input_file_ref idref="fl-22"/>
      </object_component>
      <object_component id="oc-73">
         <name>.stack</name>
         <uninitialized>true</uninitialized>
         <run_address>0xc0</run_address>
         <size>0x0</size>
         <input_file_ref idref="fl-1b"/>
      </object_component>
      <object_component id="oc-15a">
         <name>.stack</name>
         <uninitialized>true</uninitialized>
         <run_address>0xc0</run_address>
         <size>0x0</size>
      </object_component>
      <object_component id="oc-140">
         <name>.sysstack</name>
         <uninitialized>true</uninitialized>
         <run_address>0x20c0</run_address>
         <size>0x0</size>
         <input_file_ref idref="fl-1b"/>
      </object_component>
      <object_component id="oc-15c">
         <name>.sysstack</name>
         <uninitialized>true</uninitialized>
         <run_address>0x20c0</run_address>
         <size>0x0</size>
      </object_component>
      <object_component id="oc-1f">
         <name>.bss</name>
         <uninitialized>true</uninitialized>
         <run_address>0x50c0</run_address>
         <size>0x810</size>
         <input_file_ref idref="fl-4"/>
      </object_component>
      <object_component id="oc-2f">
         <name>.bss</name>
         <uninitialized>true</uninitialized>
         <run_address>0x58d0</run_address>
         <size>0x7c8</size>
         <input_file_ref idref="fl-7"/>
      </object_component>
      <object_component id="oc-b4">
         <name>.bss</name>
         <uninitialized>true</uninitialized>
         <run_address>0x6098</run_address>
         <size>0x232</size>
         <input_file_ref idref="fl-2a"/>
      </object_component>
      <object_component id="oc-101">
         <name>.bss</name>
         <uninitialized>true</uninitialized>
         <run_address>0x62ca</run_address>
         <size>0x1a0</size>
         <input_file_ref idref="fl-3c"/>
      </object_component>
      <object_component id="oc-12c">
         <name>.bss</name>
         <uninitialized>true</uninitialized>
         <run_address>0x646a</run_address>
         <size>0x2</size>
         <input_file_ref idref="fl-46"/>
      </object_component>
      <object_component id="oc-61">
         <name>.bss</name>
         <uninitialized>true</uninitialized>
         <run_address>0x646c</run_address>
         <size>0x108</size>
         <input_file_ref idref="fl-18"/>
      </object_component>
      <object_component id="oc-36">
         <name>.bss</name>
         <uninitialized>true</uninitialized>
         <run_address>0x6574</run_address>
         <size>0x100</size>
         <input_file_ref idref="fl-8"/>
      </object_component>
      <object_component id="oc-df">
         <name>.bss</name>
         <uninitialized>true</uninitialized>
         <run_address>0x6674</run_address>
         <size>0xe2</size>
         <input_file_ref idref="fl-34"/>
      </object_component>
      <object_component id="oc-67">
         <name>.bss</name>
         <uninitialized>true</uninitialized>
         <run_address>0x6756</run_address>
         <size>0x54</size>
         <input_file_ref idref="fl-19"/>
      </object_component>
      <object_component id="oc-25">
         <name>.bss</name>
         <uninitialized>true</uninitialized>
         <run_address>0x67aa</run_address>
         <size>0x4c</size>
         <input_file_ref idref="fl-5"/>
      </object_component>
      <object_component id="oc-6e">
         <name>.bss</name>
         <uninitialized>true</uninitialized>
         <run_address>0x67f8</run_address>
         <size>0x24</size>
         <input_file_ref idref="fl-1a"/>
      </object_component>
      <object_component id="oc-3c">
         <name>.bss</name>
         <uninitialized>true</uninitialized>
         <run_address>0x681c</run_address>
         <size>0x10</size>
         <input_file_ref idref="fl-11"/>
      </object_component>
      <object_component id="oc-132">
         <name>.bss</name>
         <uninitialized>true</uninitialized>
         <run_address>0x682c</run_address>
         <size>0xc</size>
         <input_file_ref idref="fl-47"/>
      </object_component>
      <object_component id="oc-97">
         <name>.bss</name>
         <uninitialized>true</uninitialized>
         <run_address>0x6838</run_address>
         <size>0x8</size>
         <input_file_ref idref="fl-23"/>
      </object_component>
      <object_component id="oc-7c">
         <name>.bss</name>
         <uninitialized>true</uninitialized>
         <run_address>0x6840</run_address>
         <size>0x8</size>
         <input_file_ref idref="fl-1d"/>
      </object_component>
      <object_component id="oc-13">
         <name>.bss</name>
         <uninitialized>true</uninitialized>
         <run_address>0x6848</run_address>
         <size>0x4</size>
         <input_file_ref idref="fl-2"/>
      </object_component>
      <object_component id="oc-43">
         <name>.bss</name>
         <uninitialized>true</uninitialized>
         <run_address>0x684c</run_address>
         <size>0x4</size>
         <input_file_ref idref="fl-12"/>
      </object_component>
      <object_component id="oc-1a">
         <name>.const:.string</name>
         <load_address>0x6850</load_address>
         <run_address>0x6850</run_address>
         <size>0x2e8</size>
         <input_file_ref idref="fl-3"/>
      </object_component>
      <object_component id="oc-141">
         <name>.const:__ctypes_</name>
         <load_address>0x6b38</load_address>
         <run_address>0x6b38</run_address>
         <size>0x202</size>
         <input_file_ref idref="fl-29"/>
      </object_component>
      <object_component id="oc-9f">
         <name>.const:.string</name>
         <load_address>0x6d3c</load_address>
         <run_address>0x6d3c</run_address>
         <size>0x48</size>
         <input_file_ref idref="fl-24"/>
      </object_component>
      <object_component id="oc-31">
         <name>.const:.string</name>
         <load_address>0x6d84</load_address>
         <run_address>0x6d84</run_address>
         <size>0x24</size>
         <input_file_ref idref="fl-7"/>
      </object_component>
      <object_component id="oc-9e">
         <name>.const</name>
         <load_address>0x6da8</load_address>
         <run_address>0x6da8</run_address>
         <size>0x18</size>
         <input_file_ref idref="fl-24"/>
      </object_component>
      <object_component id="oc-142">
         <name>.const:_initial_approx$1</name>
         <load_address>0x6dc0</load_address>
         <run_address>0x6dc0</run_address>
         <size>0x10</size>
         <input_file_ref idref="fl-2b"/>
      </object_component>
      <object_component id="oc-cf">
         <name>.const:.string</name>
         <load_address>0x6dd0</load_address>
         <run_address>0x6dd0</run_address>
         <size>0x4</size>
         <input_file_ref idref="fl-30"/>
      </object_component>
      <object_component id="oc-c6">
         <name>.const</name>
         <load_address>0x6dd4</load_address>
         <run_address>0x6dd4</run_address>
         <size>0x4</size>
         <input_file_ref idref="fl-2e"/>
      </object_component>
      <object_component id="oc-135">
         <name>.sysmem</name>
         <uninitialized>true</uninitialized>
         <run_address>0x30c0</run_address>
         <size>0x0</size>
         <input_file_ref idref="fl-47"/>
      </object_component>
      <object_component id="oc-15b">
         <name>.sysmem</name>
         <uninitialized>true</uninitialized>
         <run_address>0x30c0</run_address>
         <size>0x0</size>
      </object_component>
      <object_component id="oc-e1">
         <name>.cinit</name>
         <load_address>0x40240</load_address>
         <run_address>0x40240</run_address>
         <size>0x5a</size>
         <input_file_ref idref="fl-34"/>
      </object_component>
      <object_component id="oc-27">
         <name>.cinit</name>
         <load_address>0x4029a</load_address>
         <run_address>0x4029a</run_address>
         <size>0x58</size>
         <input_file_ref idref="fl-5"/>
      </object_component>
      <object_component id="oc-b6">
         <name>.cinit</name>
         <load_address>0x402f2</load_address>
         <run_address>0x402f2</run_address>
         <size>0x54</size>
         <input_file_ref idref="fl-2a"/>
      </object_component>
      <object_component id="oc-3e">
         <name>.cinit</name>
         <load_address>0x40346</load_address>
         <run_address>0x40346</run_address>
         <size>0x18</size>
         <input_file_ref idref="fl-11"/>
      </object_component>
      <object_component id="oc-99">
         <name>.cinit</name>
         <load_address>0x4035e</load_address>
         <run_address>0x4035e</run_address>
         <size>0x14</size>
         <input_file_ref idref="fl-23"/>
      </object_component>
      <object_component id="oc-7e">
         <name>.cinit</name>
         <load_address>0x40372</load_address>
         <run_address>0x40372</run_address>
         <size>0x14</size>
         <input_file_ref idref="fl-1d"/>
      </object_component>
      <object_component id="oc-69">
         <name>.cinit</name>
         <load_address>0x40386</load_address>
         <run_address>0x40386</run_address>
         <size>0x10</size>
         <input_file_ref idref="fl-19"/>
      </object_component>
      <object_component id="oc-12e">
         <name>.cinit</name>
         <load_address>0x40396</load_address>
         <run_address>0x40396</run_address>
         <size>0x8</size>
         <input_file_ref idref="fl-46"/>
      </object_component>
      <object_component id="oc-134">
         <name>.cinit</name>
         <load_address>0x4039e</load_address>
         <run_address>0x4039e</run_address>
         <size>0x8</size>
         <input_file_ref idref="fl-47"/>
      </object_component>
      <object_component id="oc-107">
         <name>.cio</name>
         <uninitialized>true</uninitialized>
         <run_address>0x40000</run_address>
         <size>0x240</size>
         <input_file_ref idref="fl-3d"/>
      </object_component>
      <object_component id="oc-53">
         <name>vectors</name>
         <load_address>0x4fe00</load_address>
         <run_address>0x4fe00</run_address>
         <size>0x100</size>
         <input_file_ref idref="fl-15"/>
      </object_component>
      <object_component id="oc-11">
         <name>vectors</name>
         <load_address>0x4ff00</load_address>
         <run_address>0x4ff00</run_address>
         <size>0x100</size>
         <input_file_ref idref="fl-22"/>
      </object_component>
      <object_component id="oc-14">
         <name>.debug_info</name>
         <load_address>0x0</load_address>
         <run_address>0x0</run_address>
         <size>0xc7f</size>
         <input_file_ref idref="fl-2"/>
      </object_component>
      <object_component id="oc-19">
         <name>.debug_info</name>
         <load_address>0xc7f</load_address>
         <run_address>0xc7f</run_address>
         <size>0x1bd6</size>
         <input_file_ref idref="fl-3"/>
      </object_component>
      <object_component id="oc-20">
         <name>.debug_info</name>
         <load_address>0x2855</load_address>
         <run_address>0x2855</run_address>
         <size>0x107d</size>
         <input_file_ref idref="fl-4"/>
      </object_component>
      <object_component id="oc-26">
         <name>.debug_info</name>
         <load_address>0x38d2</load_address>
         <run_address>0x38d2</run_address>
         <size>0x4d1</size>
         <input_file_ref idref="fl-5"/>
      </object_component>
      <object_component id="oc-2a">
         <name>.debug_info</name>
         <load_address>0x3da3</load_address>
         <run_address>0x3da3</run_address>
         <size>0x8af</size>
         <input_file_ref idref="fl-6"/>
      </object_component>
      <object_component id="oc-30">
         <name>.debug_info</name>
         <load_address>0x4652</load_address>
         <run_address>0x4652</run_address>
         <size>0xcd8</size>
         <input_file_ref idref="fl-7"/>
      </object_component>
      <object_component id="oc-37">
         <name>.debug_info</name>
         <load_address>0x532a</load_address>
         <run_address>0x532a</run_address>
         <size>0xc8d</size>
         <input_file_ref idref="fl-8"/>
      </object_component>
      <object_component id="oc-3d">
         <name>.debug_info</name>
         <load_address>0x5fb7</load_address>
         <run_address>0x5fb7</run_address>
         <size>0x6384</size>
         <input_file_ref idref="fl-11"/>
      </object_component>
      <object_component id="oc-44">
         <name>.debug_info</name>
         <load_address>0xc33b</load_address>
         <run_address>0xc33b</run_address>
         <size>0x6979</size>
         <input_file_ref idref="fl-12"/>
      </object_component>
      <object_component id="oc-49">
         <name>.debug_info</name>
         <load_address>0x12cb4</load_address>
         <run_address>0x12cb4</run_address>
         <size>0x65d7</size>
         <input_file_ref idref="fl-13"/>
      </object_component>
      <object_component id="oc-4e">
         <name>.debug_info</name>
         <load_address>0x1928b</load_address>
         <run_address>0x1928b</run_address>
         <size>0x5896</size>
         <input_file_ref idref="fl-14"/>
      </object_component>
      <object_component id="oc-54">
         <name>.debug_info</name>
         <load_address>0x1eb21</load_address>
         <run_address>0x1eb21</run_address>
         <size>0x1a4</size>
         <input_file_ref idref="fl-15"/>
      </object_component>
      <object_component id="oc-58">
         <name>.debug_info</name>
         <load_address>0x1ecc5</load_address>
         <run_address>0x1ecc5</run_address>
         <size>0x6ebb</size>
         <input_file_ref idref="fl-16"/>
      </object_component>
      <object_component id="oc-5d">
         <name>.debug_info</name>
         <load_address>0x25b80</load_address>
         <run_address>0x25b80</run_address>
         <size>0x18e</size>
         <input_file_ref idref="fl-17"/>
      </object_component>
      <object_component id="oc-62">
         <name>.debug_info</name>
         <load_address>0x25d0e</load_address>
         <run_address>0x25d0e</run_address>
         <size>0x6f61</size>
         <input_file_ref idref="fl-18"/>
      </object_component>
      <object_component id="oc-68">
         <name>.debug_info</name>
         <load_address>0x2cc6f</load_address>
         <run_address>0x2cc6f</run_address>
         <size>0x710f</size>
         <input_file_ref idref="fl-19"/>
      </object_component>
      <object_component id="oc-6f">
         <name>.debug_info</name>
         <load_address>0x33d7e</load_address>
         <run_address>0x33d7e</run_address>
         <size>0x7424</size>
         <input_file_ref idref="fl-1a"/>
      </object_component>
      <object_component id="oc-74">
         <name>.debug_info</name>
         <load_address>0x3b1a2</load_address>
         <run_address>0x3b1a2</run_address>
         <size>0xe8</size>
         <input_file_ref idref="fl-1b"/>
      </object_component>
      <object_component id="oc-78">
         <name>.debug_info</name>
         <load_address>0x3b28a</load_address>
         <run_address>0x3b28a</run_address>
         <size>0x534</size>
         <input_file_ref idref="fl-1c"/>
      </object_component>
      <object_component id="oc-7d">
         <name>.debug_info</name>
         <load_address>0x3b7be</load_address>
         <run_address>0x3b7be</run_address>
         <size>0x5fb</size>
         <input_file_ref idref="fl-1d"/>
      </object_component>
      <object_component id="oc-83">
         <name>.debug_info</name>
         <load_address>0x3bdb9</load_address>
         <run_address>0x3bdb9</run_address>
         <size>0xeb</size>
         <input_file_ref idref="fl-1e"/>
      </object_component>
      <object_component id="oc-87">
         <name>.debug_info</name>
         <load_address>0x3bea4</load_address>
         <run_address>0x3bea4</run_address>
         <size>0xbd</size>
         <input_file_ref idref="fl-1f"/>
      </object_component>
      <object_component id="oc-8b">
         <name>.debug_info</name>
         <load_address>0x3bf61</load_address>
         <run_address>0x3bf61</run_address>
         <size>0x76c</size>
         <input_file_ref idref="fl-20"/>
      </object_component>
      <object_component id="oc-8f">
         <name>.debug_info</name>
         <load_address>0x3c6cd</load_address>
         <run_address>0x3c6cd</run_address>
         <size>0x534</size>
         <input_file_ref idref="fl-21"/>
      </object_component>
      <object_component id="oc-93">
         <name>.debug_info</name>
         <load_address>0x3cc01</load_address>
         <run_address>0x3cc01</run_address>
         <size>0xbc</size>
         <input_file_ref idref="fl-22"/>
      </object_component>
      <object_component id="oc-98">
         <name>.debug_info</name>
         <load_address>0x3ccbd</load_address>
         <run_address>0x3ccbd</run_address>
         <size>0x5bc</size>
         <input_file_ref idref="fl-23"/>
      </object_component>
      <object_component id="oc-9d">
         <name>.debug_info</name>
         <load_address>0x3d279</load_address>
         <run_address>0x3d279</run_address>
         <size>0x27bd</size>
         <input_file_ref idref="fl-24"/>
      </object_component>
      <object_component id="oc-a3">
         <name>.debug_info</name>
         <load_address>0x3fa36</load_address>
         <run_address>0x3fa36</run_address>
         <size>0x586</size>
         <input_file_ref idref="fl-25"/>
      </object_component>
      <object_component id="oc-a7">
         <name>.debug_info</name>
         <load_address>0x3ffbc</load_address>
         <run_address>0x3ffbc</run_address>
         <size>0x5a4</size>
         <input_file_ref idref="fl-26"/>
      </object_component>
      <object_component id="oc-ab">
         <name>.debug_info</name>
         <load_address>0x40560</load_address>
         <run_address>0x40560</run_address>
         <size>0xcd</size>
         <input_file_ref idref="fl-27"/>
      </object_component>
      <object_component id="oc-af">
         <name>.debug_info</name>
         <load_address>0x4062d</load_address>
         <run_address>0x4062d</run_address>
         <size>0x81f</size>
         <input_file_ref idref="fl-28"/>
      </object_component>
      <object_component id="oc-b2">
         <name>.debug_info</name>
         <load_address>0x40e4c</load_address>
         <run_address>0x40e4c</run_address>
         <size>0x498</size>
         <input_file_ref idref="fl-29"/>
      </object_component>
      <object_component id="oc-b5">
         <name>.debug_info</name>
         <load_address>0x412e4</load_address>
         <run_address>0x412e4</run_address>
         <size>0x57e</size>
         <input_file_ref idref="fl-2a"/>
      </object_component>
      <object_component id="oc-b9">
         <name>.debug_info</name>
         <load_address>0x41862</load_address>
         <run_address>0x41862</run_address>
         <size>0x7e8</size>
         <input_file_ref idref="fl-2b"/>
      </object_component>
      <object_component id="oc-bd">
         <name>.debug_info</name>
         <load_address>0x4204a</load_address>
         <run_address>0x4204a</run_address>
         <size>0x4cf</size>
         <input_file_ref idref="fl-2c"/>
      </object_component>
      <object_component id="oc-c1">
         <name>.debug_info</name>
         <load_address>0x42519</load_address>
         <run_address>0x42519</run_address>
         <size>0x534</size>
         <input_file_ref idref="fl-2d"/>
      </object_component>
      <object_component id="oc-c5">
         <name>.debug_info</name>
         <load_address>0x42a4d</load_address>
         <run_address>0x42a4d</run_address>
         <size>0x549</size>
         <input_file_ref idref="fl-2e"/>
      </object_component>
      <object_component id="oc-ca">
         <name>.debug_info</name>
         <load_address>0x42f96</load_address>
         <run_address>0x42f96</run_address>
         <size>0x6aa</size>
         <input_file_ref idref="fl-2f"/>
      </object_component>
      <object_component id="oc-ce">
         <name>.debug_info</name>
         <load_address>0x43640</load_address>
         <run_address>0x43640</run_address>
         <size>0x942</size>
         <input_file_ref idref="fl-30"/>
      </object_component>
      <object_component id="oc-d3">
         <name>.debug_info</name>
         <load_address>0x43f82</load_address>
         <run_address>0x43f82</run_address>
         <size>0x53e</size>
         <input_file_ref idref="fl-31"/>
      </object_component>
      <object_component id="oc-d7">
         <name>.debug_info</name>
         <load_address>0x444c0</load_address>
         <run_address>0x444c0</run_address>
         <size>0x680</size>
         <input_file_ref idref="fl-32"/>
      </object_component>
      <object_component id="oc-db">
         <name>.debug_info</name>
         <load_address>0x44b40</load_address>
         <run_address>0x44b40</run_address>
         <size>0x7d4</size>
         <input_file_ref idref="fl-33"/>
      </object_component>
      <object_component id="oc-e0">
         <name>.debug_info</name>
         <load_address>0x45314</load_address>
         <run_address>0x45314</run_address>
         <size>0x144b</size>
         <input_file_ref idref="fl-34"/>
      </object_component>
      <object_component id="oc-e5">
         <name>.debug_info</name>
         <load_address>0x4675f</load_address>
         <run_address>0x4675f</run_address>
         <size>0x5ad</size>
         <input_file_ref idref="fl-35"/>
      </object_component>
      <object_component id="oc-e9">
         <name>.debug_info</name>
         <load_address>0x46d0c</load_address>
         <run_address>0x46d0c</run_address>
         <size>0x574</size>
         <input_file_ref idref="fl-36"/>
      </object_component>
      <object_component id="oc-ed">
         <name>.debug_info</name>
         <load_address>0x47280</load_address>
         <run_address>0x47280</run_address>
         <size>0xd1</size>
         <input_file_ref idref="fl-37"/>
      </object_component>
      <object_component id="oc-f1">
         <name>.debug_info</name>
         <load_address>0x47351</load_address>
         <run_address>0x47351</run_address>
         <size>0x55b</size>
         <input_file_ref idref="fl-38"/>
      </object_component>
      <object_component id="oc-f5">
         <name>.debug_info</name>
         <load_address>0x478ac</load_address>
         <run_address>0x478ac</run_address>
         <size>0x4b7</size>
         <input_file_ref idref="fl-39"/>
      </object_component>
      <object_component id="oc-f9">
         <name>.debug_info</name>
         <load_address>0x47d63</load_address>
         <run_address>0x47d63</run_address>
         <size>0x4f2</size>
         <input_file_ref idref="fl-3a"/>
      </object_component>
      <object_component id="oc-fd">
         <name>.debug_info</name>
         <load_address>0x48255</load_address>
         <run_address>0x48255</run_address>
         <size>0x4de</size>
         <input_file_ref idref="fl-3b"/>
      </object_component>
      <object_component id="oc-102">
         <name>.debug_info</name>
         <load_address>0x48733</load_address>
         <run_address>0x48733</run_address>
         <size>0xed4</size>
         <input_file_ref idref="fl-3c"/>
      </object_component>
      <object_component id="oc-106">
         <name>.debug_info</name>
         <load_address>0x49607</load_address>
         <run_address>0x49607</run_address>
         <size>0x744</size>
         <input_file_ref idref="fl-3d"/>
      </object_component>
      <object_component id="oc-10c">
         <name>.debug_info</name>
         <load_address>0x49d4b</load_address>
         <run_address>0x49d4b</run_address>
         <size>0xef</size>
         <input_file_ref idref="fl-3e"/>
      </object_component>
      <object_component id="oc-110">
         <name>.debug_info</name>
         <load_address>0x49e3a</load_address>
         <run_address>0x49e3a</run_address>
         <size>0x662</size>
         <input_file_ref idref="fl-3f"/>
      </object_component>
      <object_component id="oc-114">
         <name>.debug_info</name>
         <load_address>0x4a49c</load_address>
         <run_address>0x4a49c</run_address>
         <size>0x5ab</size>
         <input_file_ref idref="fl-40"/>
      </object_component>
      <object_component id="oc-118">
         <name>.debug_info</name>
         <load_address>0x4aa47</load_address>
         <run_address>0x4aa47</run_address>
         <size>0x4f2</size>
         <input_file_ref idref="fl-41"/>
      </object_component>
      <object_component id="oc-11c">
         <name>.debug_info</name>
         <load_address>0x4af39</load_address>
         <run_address>0x4af39</run_address>
         <size>0x706</size>
         <input_file_ref idref="fl-42"/>
      </object_component>
      <object_component id="oc-120">
         <name>.debug_info</name>
         <load_address>0x4b63f</load_address>
         <run_address>0x4b63f</run_address>
         <size>0x4d2</size>
         <input_file_ref idref="fl-43"/>
      </object_component>
      <object_component id="oc-124">
         <name>.debug_info</name>
         <load_address>0x4bb11</load_address>
         <run_address>0x4bb11</run_address>
         <size>0x5f7</size>
         <input_file_ref idref="fl-44"/>
      </object_component>
      <object_component id="oc-128">
         <name>.debug_info</name>
         <load_address>0x4c108</load_address>
         <run_address>0x4c108</run_address>
         <size>0x64a</size>
         <input_file_ref idref="fl-45"/>
      </object_component>
      <object_component id="oc-12d">
         <name>.debug_info</name>
         <load_address>0x4c752</load_address>
         <run_address>0x4c752</run_address>
         <size>0xa1c</size>
         <input_file_ref idref="fl-46"/>
      </object_component>
      <object_component id="oc-133">
         <name>.debug_info</name>
         <load_address>0x4d16e</load_address>
         <run_address>0x4d16e</run_address>
         <size>0xb97</size>
         <input_file_ref idref="fl-47"/>
      </object_component>
      <object_component id="oc-139">
         <name>.debug_info</name>
         <load_address>0x4dd05</load_address>
         <run_address>0x4dd05</run_address>
         <size>0x64f</size>
         <input_file_ref idref="fl-48"/>
      </object_component>
      <object_component id="oc-13d">
         <name>.debug_info</name>
         <load_address>0x4e354</load_address>
         <run_address>0x4e354</run_address>
         <size>0x510</size>
         <input_file_ref idref="fl-49"/>
      </object_component>
      <object_component id="oc-163">
         <name>.debug_info</name>
         <load_address>0x4e864</load_address>
         <run_address>0x4e864</run_address>
         <size>0x6e</size>
      </object_component>
      <object_component id="oc-15">
         <name>.debug_frame</name>
         <load_address>0x0</load_address>
         <run_address>0x0</run_address>
         <size>0x171</size>
         <input_file_ref idref="fl-2"/>
      </object_component>
      <object_component id="oc-1b">
         <name>.debug_frame</name>
         <load_address>0x171</load_address>
         <run_address>0x171</run_address>
         <size>0x121</size>
         <input_file_ref idref="fl-3"/>
      </object_component>
      <object_component id="oc-22">
         <name>.debug_frame</name>
         <load_address>0x292</load_address>
         <run_address>0x292</run_address>
         <size>0x16a</size>
         <input_file_ref idref="fl-4"/>
      </object_component>
      <object_component id="oc-2b">
         <name>.debug_frame</name>
         <load_address>0x3fc</load_address>
         <run_address>0x3fc</run_address>
         <size>0x102</size>
         <input_file_ref idref="fl-6"/>
      </object_component>
      <object_component id="oc-32">
         <name>.debug_frame</name>
         <load_address>0x4fe</load_address>
         <run_address>0x4fe</run_address>
         <size>0xff</size>
         <input_file_ref idref="fl-7"/>
      </object_component>
      <object_component id="oc-38">
         <name>.debug_frame</name>
         <load_address>0x5fd</load_address>
         <run_address>0x5fd</run_address>
         <size>0x13c</size>
         <input_file_ref idref="fl-8"/>
      </object_component>
      <object_component id="oc-3f">
         <name>.debug_frame</name>
         <load_address>0x739</load_address>
         <run_address>0x739</run_address>
         <size>0x102</size>
         <input_file_ref idref="fl-11"/>
      </object_component>
      <object_component id="oc-45">
         <name>.debug_frame</name>
         <load_address>0x83b</load_address>
         <run_address>0x83b</run_address>
         <size>0x171</size>
         <input_file_ref idref="fl-12"/>
      </object_component>
      <object_component id="oc-4a">
         <name>.debug_frame</name>
         <load_address>0x9ac</load_address>
         <run_address>0x9ac</run_address>
         <size>0x138</size>
         <input_file_ref idref="fl-13"/>
      </object_component>
      <object_component id="oc-4f">
         <name>.debug_frame</name>
         <load_address>0xae4</load_address>
         <run_address>0xae4</run_address>
         <size>0x116</size>
         <input_file_ref idref="fl-14"/>
      </object_component>
      <object_component id="oc-59">
         <name>.debug_frame</name>
         <load_address>0xbfa</load_address>
         <run_address>0xbfa</run_address>
         <size>0x272</size>
         <input_file_ref idref="fl-16"/>
      </object_component>
      <object_component id="oc-63">
         <name>.debug_frame</name>
         <load_address>0xe6c</load_address>
         <run_address>0xe6c</run_address>
         <size>0x2a1</size>
         <input_file_ref idref="fl-18"/>
      </object_component>
      <object_component id="oc-6a">
         <name>.debug_frame</name>
         <load_address>0x110d</load_address>
         <run_address>0x110d</run_address>
         <size>0x197</size>
         <input_file_ref idref="fl-19"/>
      </object_component>
      <object_component id="oc-70">
         <name>.debug_frame</name>
         <load_address>0x12a4</load_address>
         <run_address>0x12a4</run_address>
         <size>0x1ef</size>
         <input_file_ref idref="fl-1a"/>
      </object_component>
      <object_component id="oc-16">
         <name>.debug_line</name>
         <load_address>0x0</load_address>
         <run_address>0x0</run_address>
         <size>0xd0</size>
         <input_file_ref idref="fl-2"/>
      </object_component>
      <object_component id="oc-1c">
         <name>.debug_line</name>
         <load_address>0xd0</load_address>
         <run_address>0xd0</run_address>
         <size>0x253</size>
         <input_file_ref idref="fl-3"/>
      </object_component>
      <object_component id="oc-23">
         <name>.debug_line</name>
         <load_address>0x323</load_address>
         <run_address>0x323</run_address>
         <size>0x198</size>
         <input_file_ref idref="fl-4"/>
      </object_component>
      <object_component id="oc-2c">
         <name>.debug_line</name>
         <load_address>0x4bb</load_address>
         <run_address>0x4bb</run_address>
         <size>0xa3</size>
         <input_file_ref idref="fl-6"/>
      </object_component>
      <object_component id="oc-33">
         <name>.debug_line</name>
         <load_address>0x55e</load_address>
         <run_address>0x55e</run_address>
         <size>0xa9</size>
         <input_file_ref idref="fl-7"/>
      </object_component>
      <object_component id="oc-39">
         <name>.debug_line</name>
         <load_address>0x607</load_address>
         <run_address>0x607</run_address>
         <size>0xf3</size>
         <input_file_ref idref="fl-8"/>
      </object_component>
      <object_component id="oc-40">
         <name>.debug_line</name>
         <load_address>0x6fa</load_address>
         <run_address>0x6fa</run_address>
         <size>0x66e</size>
         <input_file_ref idref="fl-11"/>
      </object_component>
      <object_component id="oc-46">
         <name>.debug_line</name>
         <load_address>0xd68</load_address>
         <run_address>0xd68</run_address>
         <size>0x69c</size>
         <input_file_ref idref="fl-12"/>
      </object_component>
      <object_component id="oc-4b">
         <name>.debug_line</name>
         <load_address>0x1404</load_address>
         <run_address>0x1404</run_address>
         <size>0x659</size>
         <input_file_ref idref="fl-13"/>
      </object_component>
      <object_component id="oc-50">
         <name>.debug_line</name>
         <load_address>0x1a5d</load_address>
         <run_address>0x1a5d</run_address>
         <size>0x59c</size>
         <input_file_ref idref="fl-14"/>
      </object_component>
      <object_component id="oc-55">
         <name>.debug_line</name>
         <load_address>0x1ff9</load_address>
         <run_address>0x1ff9</run_address>
         <size>0xa8</size>
         <input_file_ref idref="fl-15"/>
      </object_component>
      <object_component id="oc-5a">
         <name>.debug_line</name>
         <load_address>0x20a1</load_address>
         <run_address>0x20a1</run_address>
         <size>0x94b</size>
         <input_file_ref idref="fl-16"/>
      </object_component>
      <object_component id="oc-5e">
         <name>.debug_line</name>
         <load_address>0x29ec</load_address>
         <run_address>0x29ec</run_address>
         <size>0xab</size>
         <input_file_ref idref="fl-17"/>
      </object_component>
      <object_component id="oc-64">
         <name>.debug_line</name>
         <load_address>0x2a97</load_address>
         <run_address>0x2a97</run_address>
         <size>0x83c</size>
         <input_file_ref idref="fl-18"/>
      </object_component>
      <object_component id="oc-6b">
         <name>.debug_line</name>
         <load_address>0x32d3</load_address>
         <run_address>0x32d3</run_address>
         <size>0x94c</size>
         <input_file_ref idref="fl-19"/>
      </object_component>
      <object_component id="oc-71">
         <name>.debug_line</name>
         <load_address>0x3c1f</load_address>
         <run_address>0x3c1f</run_address>
         <size>0x96d</size>
         <input_file_ref idref="fl-1a"/>
      </object_component>
      <object_component id="oc-75">
         <name>.debug_line</name>
         <load_address>0x458c</load_address>
         <run_address>0x458c</run_address>
         <size>0x54</size>
         <input_file_ref idref="fl-1b"/>
      </object_component>
      <object_component id="oc-79">
         <name>.debug_line</name>
         <load_address>0x45e0</load_address>
         <run_address>0x45e0</run_address>
         <size>0x44</size>
         <input_file_ref idref="fl-1c"/>
      </object_component>
      <object_component id="oc-80">
         <name>.debug_line</name>
         <load_address>0x4624</load_address>
         <run_address>0x4624</run_address>
         <size>0x51</size>
         <input_file_ref idref="fl-1d"/>
      </object_component>
      <object_component id="oc-84">
         <name>.debug_line</name>
         <load_address>0x4675</load_address>
         <run_address>0x4675</run_address>
         <size>0x5c</size>
         <input_file_ref idref="fl-1e"/>
      </object_component>
      <object_component id="oc-88">
         <name>.debug_line</name>
         <load_address>0x46d1</load_address>
         <run_address>0x46d1</run_address>
         <size>0x3c</size>
         <input_file_ref idref="fl-1f"/>
      </object_component>
      <object_component id="oc-8c">
         <name>.debug_line</name>
         <load_address>0x470d</load_address>
         <run_address>0x470d</run_address>
         <size>0x69</size>
         <input_file_ref idref="fl-20"/>
      </object_component>
      <object_component id="oc-90">
         <name>.debug_line</name>
         <load_address>0x4776</load_address>
         <run_address>0x4776</run_address>
         <size>0x44</size>
         <input_file_ref idref="fl-21"/>
      </object_component>
      <object_component id="oc-94">
         <name>.debug_line</name>
         <load_address>0x47ba</load_address>
         <run_address>0x47ba</run_address>
         <size>0x37</size>
         <input_file_ref idref="fl-22"/>
      </object_component>
      <object_component id="oc-9a">
         <name>.debug_line</name>
         <load_address>0x47f1</load_address>
         <run_address>0x47f1</run_address>
         <size>0x57</size>
         <input_file_ref idref="fl-23"/>
      </object_component>
      <object_component id="oc-a0">
         <name>.debug_line</name>
         <load_address>0x4848</load_address>
         <run_address>0x4848</run_address>
         <size>0x328</size>
         <input_file_ref idref="fl-24"/>
      </object_component>
      <object_component id="oc-a4">
         <name>.debug_line</name>
         <load_address>0x4b70</load_address>
         <run_address>0x4b70</run_address>
         <size>0x41</size>
         <input_file_ref idref="fl-25"/>
      </object_component>
      <object_component id="oc-a8">
         <name>.debug_line</name>
         <load_address>0x4bb1</load_address>
         <run_address>0x4bb1</run_address>
         <size>0x46</size>
         <input_file_ref idref="fl-26"/>
      </object_component>
      <object_component id="oc-ac">
         <name>.debug_line</name>
         <load_address>0x4bf7</load_address>
         <run_address>0x4bf7</run_address>
         <size>0x55</size>
         <input_file_ref idref="fl-27"/>
      </object_component>
      <object_component id="oc-b0">
         <name>.debug_line</name>
         <load_address>0x4c4c</load_address>
         <run_address>0x4c4c</run_address>
         <size>0xad</size>
         <input_file_ref idref="fl-28"/>
      </object_component>
      <object_component id="oc-ba">
         <name>.debug_line</name>
         <load_address>0x4cf9</load_address>
         <run_address>0x4cf9</run_address>
         <size>0x5b</size>
         <input_file_ref idref="fl-2b"/>
      </object_component>
      <object_component id="oc-be">
         <name>.debug_line</name>
         <load_address>0x4d54</load_address>
         <run_address>0x4d54</run_address>
         <size>0x3d</size>
         <input_file_ref idref="fl-2c"/>
      </object_component>
      <object_component id="oc-c2">
         <name>.debug_line</name>
         <load_address>0x4d91</load_address>
         <run_address>0x4d91</run_address>
         <size>0x3d</size>
         <input_file_ref idref="fl-2d"/>
      </object_component>
      <object_component id="oc-c7">
         <name>.debug_line</name>
         <load_address>0x4dce</load_address>
         <run_address>0x4dce</run_address>
         <size>0x44</size>
         <input_file_ref idref="fl-2e"/>
      </object_component>
      <object_component id="oc-cb">
         <name>.debug_line</name>
         <load_address>0x4e12</load_address>
         <run_address>0x4e12</run_address>
         <size>0x56</size>
         <input_file_ref idref="fl-2f"/>
      </object_component>
      <object_component id="oc-d0">
         <name>.debug_line</name>
         <load_address>0x4e68</load_address>
         <run_address>0x4e68</run_address>
         <size>0xa8</size>
         <input_file_ref idref="fl-30"/>
      </object_component>
      <object_component id="oc-d4">
         <name>.debug_line</name>
         <load_address>0x4f10</load_address>
         <run_address>0x4f10</run_address>
         <size>0x40</size>
         <input_file_ref idref="fl-31"/>
      </object_component>
      <object_component id="oc-d8">
         <name>.debug_line</name>
         <load_address>0x4f50</load_address>
         <run_address>0x4f50</run_address>
         <size>0x38</size>
         <input_file_ref idref="fl-32"/>
      </object_component>
      <object_component id="oc-dc">
         <name>.debug_line</name>
         <load_address>0x4f88</load_address>
         <run_address>0x4f88</run_address>
         <size>0xa8</size>
         <input_file_ref idref="fl-33"/>
      </object_component>
      <object_component id="oc-e2">
         <name>.debug_line</name>
         <load_address>0x5030</load_address>
         <run_address>0x5030</run_address>
         <size>0x1b0</size>
         <input_file_ref idref="fl-34"/>
      </object_component>
      <object_component id="oc-e6">
         <name>.debug_line</name>
         <load_address>0x51e0</load_address>
         <run_address>0x51e0</run_address>
         <size>0x40</size>
         <input_file_ref idref="fl-35"/>
      </object_component>
      <object_component id="oc-ea">
         <name>.debug_line</name>
         <load_address>0x5220</load_address>
         <run_address>0x5220</run_address>
         <size>0x3c</size>
         <input_file_ref idref="fl-36"/>
      </object_component>
      <object_component id="oc-ee">
         <name>.debug_line</name>
         <load_address>0x525c</load_address>
         <run_address>0x525c</run_address>
         <size>0x4d</size>
         <input_file_ref idref="fl-37"/>
      </object_component>
      <object_component id="oc-f2">
         <name>.debug_line</name>
         <load_address>0x52a9</load_address>
         <run_address>0x52a9</run_address>
         <size>0x3c</size>
         <input_file_ref idref="fl-38"/>
      </object_component>
      <object_component id="oc-f6">
         <name>.debug_line</name>
         <load_address>0x52e5</load_address>
         <run_address>0x52e5</run_address>
         <size>0x37</size>
         <input_file_ref idref="fl-39"/>
      </object_component>
      <object_component id="oc-fa">
         <name>.debug_line</name>
         <load_address>0x531c</load_address>
         <run_address>0x531c</run_address>
         <size>0x3c</size>
         <input_file_ref idref="fl-3a"/>
      </object_component>
      <object_component id="oc-fe">
         <name>.debug_line</name>
         <load_address>0x5358</load_address>
         <run_address>0x5358</run_address>
         <size>0x37</size>
         <input_file_ref idref="fl-3b"/>
      </object_component>
      <object_component id="oc-103">
         <name>.debug_line</name>
         <load_address>0x538f</load_address>
         <run_address>0x538f</run_address>
         <size>0x15d</size>
         <input_file_ref idref="fl-3c"/>
      </object_component>
      <object_component id="oc-109">
         <name>.debug_line</name>
         <load_address>0x54ec</load_address>
         <run_address>0x54ec</run_address>
         <size>0x6a</size>
         <input_file_ref idref="fl-3d"/>
      </object_component>
      <object_component id="oc-10d">
         <name>.debug_line</name>
         <load_address>0x5556</load_address>
         <run_address>0x5556</run_address>
         <size>0x58</size>
         <input_file_ref idref="fl-3e"/>
      </object_component>
      <object_component id="oc-111">
         <name>.debug_line</name>
         <load_address>0x55ae</load_address>
         <run_address>0x55ae</run_address>
         <size>0x57</size>
         <input_file_ref idref="fl-3f"/>
      </object_component>
      <object_component id="oc-115">
         <name>.debug_line</name>
         <load_address>0x5605</load_address>
         <run_address>0x5605</run_address>
         <size>0x5c</size>
         <input_file_ref idref="fl-40"/>
      </object_component>
      <object_component id="oc-119">
         <name>.debug_line</name>
         <load_address>0x5661</load_address>
         <run_address>0x5661</run_address>
         <size>0x3c</size>
         <input_file_ref idref="fl-41"/>
      </object_component>
      <object_component id="oc-11d">
         <name>.debug_line</name>
         <load_address>0x569d</load_address>
         <run_address>0x569d</run_address>
         <size>0x5b</size>
         <input_file_ref idref="fl-42"/>
      </object_component>
      <object_component id="oc-121">
         <name>.debug_line</name>
         <load_address>0x56f8</load_address>
         <run_address>0x56f8</run_address>
         <size>0x3a</size>
         <input_file_ref idref="fl-43"/>
      </object_component>
      <object_component id="oc-125">
         <name>.debug_line</name>
         <load_address>0x5732</load_address>
         <run_address>0x5732</run_address>
         <size>0x3c</size>
         <input_file_ref idref="fl-44"/>
      </object_component>
      <object_component id="oc-129">
         <name>.debug_line</name>
         <load_address>0x576e</load_address>
         <run_address>0x576e</run_address>
         <size>0x3f</size>
         <input_file_ref idref="fl-45"/>
      </object_component>
      <object_component id="oc-12f">
         <name>.debug_line</name>
         <load_address>0x57ad</load_address>
         <run_address>0x57ad</run_address>
         <size>0xd7</size>
         <input_file_ref idref="fl-46"/>
      </object_component>
      <object_component id="oc-136">
         <name>.debug_line</name>
         <load_address>0x5884</load_address>
         <run_address>0x5884</run_address>
         <size>0x112</size>
         <input_file_ref idref="fl-47"/>
      </object_component>
      <object_component id="oc-13a">
         <name>.debug_line</name>
         <load_address>0x5996</load_address>
         <run_address>0x5996</run_address>
         <size>0x3d</size>
         <input_file_ref idref="fl-48"/>
      </object_component>
      <object_component id="oc-13e">
         <name>.debug_line</name>
         <load_address>0x59d3</load_address>
         <run_address>0x59d3</run_address>
         <size>0x39</size>
         <input_file_ref idref="fl-49"/>
      </object_component>
      <object_component id="oc-17">
         <name>.debug_abbrev</name>
         <load_address>0x0</load_address>
         <run_address>0x0</run_address>
         <size>0x125</size>
         <input_file_ref idref="fl-2"/>
      </object_component>
      <object_component id="oc-1d">
         <name>.debug_abbrev</name>
         <load_address>0x125</load_address>
         <run_address>0x125</run_address>
         <size>0x178</size>
         <input_file_ref idref="fl-3"/>
      </object_component>
      <object_component id="oc-24">
         <name>.debug_abbrev</name>
         <load_address>0x29d</load_address>
         <run_address>0x29d</run_address>
         <size>0x17d</size>
         <input_file_ref idref="fl-4"/>
      </object_component>
      <object_component id="oc-28">
         <name>.debug_abbrev</name>
         <load_address>0x41a</load_address>
         <run_address>0x41a</run_address>
         <size>0x63</size>
         <input_file_ref idref="fl-5"/>
      </object_component>
      <object_component id="oc-2d">
         <name>.debug_abbrev</name>
         <load_address>0x47d</load_address>
         <run_address>0x47d</run_address>
         <size>0xcf</size>
         <input_file_ref idref="fl-6"/>
      </object_component>
      <object_component id="oc-34">
         <name>.debug_abbrev</name>
         <load_address>0x54c</load_address>
         <run_address>0x54c</run_address>
         <size>0x14e</size>
         <input_file_ref idref="fl-7"/>
      </object_component>
      <object_component id="oc-3a">
         <name>.debug_abbrev</name>
         <load_address>0x69a</load_address>
         <run_address>0x69a</run_address>
         <size>0xfd</size>
         <input_file_ref idref="fl-8"/>
      </object_component>
      <object_component id="oc-41">
         <name>.debug_abbrev</name>
         <load_address>0x797</load_address>
         <run_address>0x797</run_address>
         <size>0x1e0</size>
         <input_file_ref idref="fl-11"/>
      </object_component>
      <object_component id="oc-47">
         <name>.debug_abbrev</name>
         <load_address>0x977</load_address>
         <run_address>0x977</run_address>
         <size>0x21f</size>
         <input_file_ref idref="fl-12"/>
      </object_component>
      <object_component id="oc-4c">
         <name>.debug_abbrev</name>
         <load_address>0xb96</load_address>
         <run_address>0xb96</run_address>
         <size>0x1db</size>
         <input_file_ref idref="fl-13"/>
      </object_component>
      <object_component id="oc-51">
         <name>.debug_abbrev</name>
         <load_address>0xd71</load_address>
         <run_address>0xd71</run_address>
         <size>0x198</size>
         <input_file_ref idref="fl-14"/>
      </object_component>
      <object_component id="oc-56">
         <name>.debug_abbrev</name>
         <load_address>0xf09</load_address>
         <run_address>0xf09</run_address>
         <size>0x20</size>
         <input_file_ref idref="fl-15"/>
      </object_component>
      <object_component id="oc-5b">
         <name>.debug_abbrev</name>
         <load_address>0xf29</load_address>
         <run_address>0xf29</run_address>
         <size>0x1c4</size>
         <input_file_ref idref="fl-16"/>
      </object_component>
      <object_component id="oc-5f">
         <name>.debug_abbrev</name>
         <load_address>0x10ed</load_address>
         <run_address>0x10ed</run_address>
         <size>0x3a</size>
         <input_file_ref idref="fl-17"/>
      </object_component>
      <object_component id="oc-65">
         <name>.debug_abbrev</name>
         <load_address>0x1127</load_address>
         <run_address>0x1127</run_address>
         <size>0x263</size>
         <input_file_ref idref="fl-18"/>
      </object_component>
      <object_component id="oc-6c">
         <name>.debug_abbrev</name>
         <load_address>0x138a</load_address>
         <run_address>0x138a</run_address>
         <size>0x237</size>
         <input_file_ref idref="fl-19"/>
      </object_component>
      <object_component id="oc-72">
         <name>.debug_abbrev</name>
         <load_address>0x15c1</load_address>
         <run_address>0x15c1</run_address>
         <size>0x25d</size>
         <input_file_ref idref="fl-1a"/>
      </object_component>
      <object_component id="oc-76">
         <name>.debug_abbrev</name>
         <load_address>0x181e</load_address>
         <run_address>0x181e</run_address>
         <size>0x3a</size>
         <input_file_ref idref="fl-1b"/>
      </object_component>
      <object_component id="oc-7a">
[...]
      </symbol>
      <symbol id="sm-33a">
         <name>_I2S_reset</name>
         <value>0x235ef</value>
         <object_component_ref idref="oc-66"/>
      </symbol>
      <symbol id="sm-33b">
         <name>_I2S_setup</name>
         <value>0x22e3f</value>
         <object_component_ref idref="oc-66"/>
      </symbol>
      <symbol id="sm-33c">
         <name>_fsError</name>
         <value>0x67a6</value>
         <object_component_ref idref="oc-67"/>
      </symbol>
      <symbol id="sm-33d">
         <name>_I2S_open</name>
         <value>0x22cf8</value>
         <object_component_ref idref="oc-66"/>
      </symbol>
      <symbol id="sm-33e">
         <name>_I2S_transEnable</name>
         <value>0x236a0</value>
         <object_component_ref idref="oc-66"/>
      </symbol>
      <symbol id="sm-3bb">
         <name>_I2C_eventEnable</name>
         <value>0x21ee4</value>
         <object_component_ref idref="oc-6d"/>
      </symbol>
      <symbol id="sm-3bc">
         <name>_I2C_setCallback</name>
         <value>0x22137</value>
         <object_component_ref idref="oc-6d"/>
      </symbol>
      <symbol id="sm-3bd">
         <name>_I2C_init</name>
         <value>0x215a4</value>
         <object_component_ref idref="oc-6d"/>
      </symbol>
      <symbol id="sm-3be">
         <name>_I2C_config</name>
         <value>0x2164d</value>
         <object_component_ref idref="oc-6d"/>
      </symbol>
      <symbol id="sm-3bf">
         <name>_gI2cObj</name>
         <value>0x67f8</value>
         <object_component_ref idref="oc-6e"/>
      </symbol>
      <symbol id="sm-3c0">
         <name>_I2C_getConfig</name>
         <value>0x217b2</value>
         <object_component_ref idref="oc-6d"/>
      </symbol>
      <symbol id="sm-3c1">
         <name>_I2C_setup</name>
         <value>0x21888</value>
         <object_component_ref idref="oc-6d"/>
      </symbol>
      <symbol id="sm-3c2">
         <name>_I2C_write</name>
         <value>0x21a82</value>
         <object_component_ref idref="oc-6d"/>
      </symbol>
      <symbol id="sm-3c3">
         <name>_I2C_read</name>
         <value>0x21cc6</value>
         <object_component_ref idref="oc-6d"/>
      </symbol>
      <symbol id="sm-3c4">
         <name>_I2C_eventDisable</name>
         <value>0x22018</value>
         <object_component_ref idref="oc-6d"/>
      </symbol>
      <symbol id="sm-3c5">
         <name>_I2C_getEventId</name>
         <value>0x221c4</value>
         <object_component_ref idref="oc-6d"/>
      </symbol>
      <symbol id="sm-3c6">
         <name>_i2cHandle</name>
         <value>0x6818</value>
         <object_component_ref idref="oc-6e"/>
      </symbol>
      <symbol id="sm-3d2">
         <name>__sysstack</name>
         <value>0x20c0</value>
         <object_component_ref idref="oc-140"/>
      </symbol>
      <symbol id="sm-3d3">
         <name>_c_int00</name>
         <value>0x27921</value>
         <object_component_ref idref="oc-10"/>
      </symbol>
      <symbol id="sm-3d4">
         <name>__stack</name>
         <value>0xc0</value>
         <object_component_ref idref="oc-73"/>
      </symbol>
      <symbol id="sm-3df">
         <name>__divul</name>
         <value>0x27014</value>
         <object_component_ref idref="oc-77"/>
      </symbol>
      <symbol id="sm-3ef">
         <name>C$$EXIT</name>
         <value>0x27a3a</value>
         <object_component_ref idref="oc-7f"/>
      </symbol>
      <symbol id="sm-3f0">
         <name>_exit</name>
         <value>0x278a7</value>
         <object_component_ref idref="oc-7b"/>
      </symbol>
      <symbol id="sm-3f1">
         <name>_abort</name>
         <value>0x27a39</value>
         <object_component_ref idref="oc-7f"/>
      </symbol>
      <symbol id="sm-3f2">
         <name>__cleanup_ptr</name>
         <value>0x6840</value>
         <object_component_ref idref="oc-7c"/>
      </symbol>
      <symbol id="sm-3f3">
         <name>__dtors_ptr</name>
         <value>0x6844</value>
         <object_component_ref idref="oc-7c"/>
      </symbol>
      <symbol id="sm-3fb">
         <name>__remi</name>
         <value>0x27904</value>
         <object_component_ref idref="oc-82"/>
      </symbol>
      <symbol id="sm-3fc">
         <name>__divi</name>
         <value>0x278e5</value>
         <object_component_ref idref="oc-82"/>
      </symbol>
      <symbol id="sm-3fd">
         <name>I$$MOD</name>
         <value>0x27904</value>
         <object_component_ref idref="oc-82"/>
      </symbol>
      <symbol id="sm-3fe">
         <name>I$$DIV</name>
         <value>0x278e5</value>
         <object_component_ref idref="oc-82"/>
      </symbol>
      <symbol id="sm-406">
         <name>__mpyli</name>
         <value>0x279fa</value>
         <object_component_ref idref="oc-86"/>
      </symbol>
      <symbol id="sm-407">
         <name>I$$LMPY</name>
         <value>0x279fa</value>
         <object_component_ref idref="oc-86"/>
      </symbol>
      <symbol id="sm-411">
         <name>_printf</name>
         <value>0x276ed</value>
         <object_component_ref idref="oc-8a"/>
      </symbol>
      <symbol id="sm-41c">
         <name>__remul</name>
         <value>0x273b0</value>
         <object_component_ref idref="oc-8e"/>
      </symbol>
      <symbol id="sm-426">
         <name>_Reset</name>
         <value>0x4ff00</value>
         <object_component_ref idref="oc-11"/>
      </symbol>
      <symbol id="sm-434">
         <name>__unlock</name>
         <value>0x683c</value>
         <object_component_ref idref="oc-97"/>
      </symbol>
      <symbol id="sm-435">
         <name>__lock</name>
         <value>0x6838</value>
         <object_component_ref idref="oc-97"/>
      </symbol>
      <symbol id="sm-436">
         <name>__register_lock</name>
         <value>0x27a15</value>
         <object_component_ref idref="oc-96"/>
      </symbol>
      <symbol id="sm-437">
         <name>__nop</name>
         <value>0x27a1d</value>
         <object_component_ref idref="oc-96"/>
      </symbol>
      <symbol id="sm-438">
         <name>__register_unlock</name>
         <value>0x27a0d</value>
         <object_component_ref idref="oc-96"/>
      </symbol>
      <symbol id="sm-44a">
         <name>__printfi</name>
         <value>0x21362</value>
         <object_component_ref idref="oc-9c"/>
      </symbol>
      <symbol id="sm-454">
         <name>__args_main</name>
         <value>0x2778a</value>
         <object_component_ref idref="oc-a2"/>
      </symbol>
      <symbol id="sm-455">
         <name>__TI_args_main</name>
         <value>0x1</value>
      </symbol>
      <symbol id="sm-45f">
         <name>_atoi</name>
         <value>0x2763d</value>
         <object_component_ref idref="oc-a6"/>
      </symbol>
      <symbol id="sm-467">
         <name>_auto_init</name>
         <value>0x2773d</value>
         <object_component_ref idref="oc-aa"/>
      </symbol>
      <symbol id="sm-471">
         <name>__eqld</name>
         <value>0x26090</value>
         <object_component_ref idref="oc-ae"/>
      </symbol>
      <symbol id="sm-472">
         <name>__cmpd</name>
         <value>0x260c4</value>
         <object_component_ref idref="oc-ae"/>
      </symbol>
      <symbol id="sm-473">
         <name>__neqd</name>
         <value>0x25f32</value>
         <object_component_ref idref="oc-ae"/>
      </symbol>
      <symbol id="sm-474">
         <name>__gtrd</name>
         <value>0x25ffb</value>
         <object_component_ref idref="oc-ae"/>
      </symbol>
      <symbol id="sm-475">
         <name>__geqd</name>
         <value>0x26046</value>
         <object_component_ref idref="oc-ae"/>
      </symbol>
      <symbol id="sm-476">
         <name>__leqd</name>
         <value>0x25fae</value>
         <object_component_ref idref="oc-ae"/>
      </symbol>
      <symbol id="sm-477">
         <name>__lssd</name>
         <value>0x25f66</value>
         <object_component_ref idref="oc-ae"/>
      </symbol>
      <symbol id="sm-47f">
         <name>__ctypes_</name>
         <value>0x6b38</value>
         <object_component_ref idref="oc-141"/>
      </symbol>
      <symbol id="sm-489">
         <name>__tmpnams</name>
         <value>0x6188</value>
         <object_component_ref idref="oc-b4"/>
      </symbol>
      <symbol id="sm-48a">
         <name>__ft_end</name>
         <value>0x62c8</value>
         <object_component_ref idref="oc-b4"/>
      </symbol>
      <symbol id="sm-48b">
         <name>__ftable</name>
         <value>0x6098</value>
         <object_component_ref idref="oc-b4"/>
      </symbol>
      <symbol id="sm-497">
         <name>__divd</name>
         <value>0x25114</value>
         <object_component_ref idref="oc-b8"/>
      </symbol>
      <symbol id="sm-4a1">
         <name>__fixdi</name>
         <value>0x27955</value>
         <object_component_ref idref="oc-bc"/>
      </symbol>
      <symbol id="sm-4ab">
         <name>__fixdli</name>
         <value>0x27422</value>
         <object_component_ref idref="oc-c0"/>
      </symbol>
      <symbol id="sm-4b7">
         <name>__fltlid</name>
         <value>0x275d6</value>
         <object_component_ref idref="oc-c4"/>
      </symbol>
      <symbol id="sm-4c1">
         <name>_putchar</name>
         <value>0x27005</value>
         <object_component_ref idref="oc-c9"/>
      </symbol>
      <symbol id="sm-4c2">
         <name>_putc</name>
         <value>0x26f6e</value>
         <object_component_ref idref="oc-c9"/>
      </symbol>
      <symbol id="sm-4c3">
         <name>_fputc</name>
         <value>0x26f6e</value>
         <object_component_ref idref="oc-c9"/>
      </symbol>
      <symbol id="sm-4d1">
         <name>_puts</name>
         <value>0x2671f</value>
         <object_component_ref idref="oc-cd"/>
      </symbol>
      <symbol id="sm-4d2">
         <name>_fputs</name>
         <value>0x265ea</value>
         <object_component_ref idref="oc-cd"/>
      </symbol>
      <symbol id="sm-4dc">
         <name>__frcmpyd_div</name>
         <value>0x2733d</value>
         <object_component_ref idref="oc-d2"/>
      </symbol>
      <symbol id="sm-4e6">
         <name>___isinf</name>
         <value>0x279cc</value>
         <object_component_ref idref="oc-d6"/>
      </symbol>
      <symbol id="sm-4f0">
         <name>__divull</name>
         <value>0x25baf</value>
         <object_component_ref idref="oc-da"/>
      </symbol>
      <symbol id="sm-4f1">
         <name>__mpylli</name>
         <value>0x25af7</value>
         <object_component_ref idref="oc-da"/>
      </symbol>
      <symbol id="sm-4f2">
         <name>__remlli</name>
         <value>0x25ac8</value>
         <object_component_ref idref="oc-da"/>
      </symbol>
      <symbol id="sm-4f3">
         <name>__divlli</name>
         <value>0x25ca3</value>
         <object_component_ref idref="oc-da"/>
      </symbol>
      <symbol id="sm-4f4">
         <name>__remull</name>
         <value>0x25a7a</value>
         <object_component_ref idref="oc-da"/>
      </symbol>
      <symbol id="sm-506">
         <name>_add_device</name>
         <value>0x24647</value>
         <object_component_ref idref="oc-de"/>
      </symbol>
      <symbol id="sm-507">
         <name>_rename</name>
         <value>0x24369</value>
         <object_component_ref idref="oc-de"/>
      </symbol>
      <symbol id="sm-508">
         <name>_read</name>
         <value>0x243f8</value>
         <object_component_ref idref="oc-de"/>
      </symbol>
      <symbol id="sm-509">
         <name>_unlink</name>
         <value>0x24336</value>
         <object_component_ref idref="oc-de"/>
      </symbol>
      <symbol id="sm-50a">
         <name>_remove_device</name>
         <value>0x243c2</value>
         <object_component_ref idref="oc-de"/>
      </symbol>
      <symbol id="sm-50b">
         <name>_open</name>
         <value>0x244a6</value>
         <object_component_ref idref="oc-de"/>
      </symbol>
      <symbol id="sm-50c">
         <name>_find_registered_device</name>
         <value>0x245cb</value>
         <object_component_ref idref="oc-de"/>
      </symbol>
      <symbol id="sm-50d">
         <name>_lseek</name>
         <value>0x24565</value>
         <object_component_ref idref="oc-de"/>
      </symbol>
      <symbol id="sm-50e">
         <name>_close</name>
         <value>0x245d4</value>
         <object_component_ref idref="oc-de"/>
      </symbol>
      <symbol id="sm-50f">
         <name>_write</name>
         <value>0x241f4</value>
         <object_component_ref idref="oc-de"/>
      </symbol>
      <symbol id="sm-519">
         <name>_ltoa</name>
         <value>0x271cf</value>
         <object_component_ref idref="oc-e4"/>
      </symbol>
      <symbol id="sm-524">
         <name>_memccpy</name>
         <value>0x279a9</value>
         <object_component_ref idref="oc-e8"/>
      </symbol>
      <symbol id="sm-52c">
         <name>_memcpy</name>
         <value>0x27868</value>
         <object_component_ref idref="oc-ec"/>
      </symbol>
      <symbol id="sm-536">
         <name>__mpyd</name>
         <value>0x2674d</value>
         <object_component_ref idref="oc-f0"/>
      </symbol>
      <symbol id="sm-540">
         <name>__negd</name>
         <value>0x27a1f</value>
         <object_component_ref idref="oc-f4"/>
      </symbol>
      <symbol id="sm-54a">
         <name>__remli</name>
         <value>0x277d5</value>
         <object_component_ref idref="oc-f8"/>
      </symbol>
      <symbol id="sm-554">
         <name>__subd</name>
         <value>0x279e6</value>
         <object_component_ref idref="oc-fc"/>
      </symbol>
      <symbol id="sm-560">
         <name>_HOSTopen</name>
         <value>0x24a42</value>
         <object_component_ref idref="oc-100"/>
      </symbol>
      <symbol id="sm-561">
         <name>_HOSTread</name>
         <value>0x249b5</value>
         <object_component_ref idref="oc-100"/>
      </symbol>
      <symbol id="sm-562">
         <name>_HOSTtime</name>
         <value>0x248a9</value>
         <object_component_ref idref="oc-100"/>
      </symbol>
      <symbol id="sm-563">
         <name>_getenv</name>
         <value>0x24737</value>
         <object_component_ref idref="oc-100"/>
      </symbol>
      <symbol id="sm-564">
         <name>_HOSTrename</name>
         <value>0x24907</value>
         <object_component_ref idref="oc-100"/>
      </symbol>
      <symbol id="sm-565">
         <name>_HOSTclock</name>
         <value>0x24c01</value>
         <object_component_ref idref="oc-100"/>
      </symbol>
      <symbol id="sm-566">
         <name>_HOSTwrite</name>
         <value>0x247b2</value>
         <object_component_ref idref="oc-100"/>
      </symbol>
      <symbol id="sm-567">
         <name>_HOSTlseek</name>
         <value>0x24ae1</value>
         <object_component_ref idref="oc-100"/>
      </symbol>
      <symbol id="sm-568">
         <name>_HOSTunlink</name>
         <value>0x2483f</value>
         <object_component_ref idref="oc-100"/>
      </symbol>
      <symbol id="sm-569">
         <name>_HOSTclose</name>
         <value>0x24b96</value>
         <object_component_ref idref="oc-100"/>
      </symbol>
      <symbol id="sm-57b">
         <name>C$$IO$$</name>
         <value>0x26f69</value>
         <object_component_ref idref="oc-108"/>
      </symbol>
      <symbol id="sm-57c">
         <name>__CIOBUF_</name>
         <value>0x40000</value>
         <object_component_ref idref="oc-107"/>
      </symbol>
      <symbol id="sm-57d">
         <name>_readmsg</name>
         <value>0x274fe</value>
         <object_component_ref idref="oc-105"/>
      </symbol>
      <symbol id="sm-57e">
         <name>_writemsg</name>
         <value>0x26eb4</value>
         <object_component_ref idref="oc-108"/>
      </symbol>
      <symbol id="sm-586">
         <name>__remu</name>
         <value>0x27994</value>
         <object_component_ref idref="oc-10b"/>
      </symbol>
      <symbol id="sm-587">
         <name>__divu</name>
         <value>0x2797f</value>
         <object_component_ref idref="oc-10b"/>
      </symbol>
      <symbol id="sm-588">
         <name>I$$UMOD</name>
         <value>0x27994</value>
         <object_component_ref idref="oc-10b"/>
      </symbol>
      <symbol id="sm-589">
         <name>I$$UDIV</name>
         <value>0x2797f</value>
         <object_component_ref idref="oc-10b"/>
      </symbol>
      <symbol id="sm-593">
         <name>__rd_ok</name>
         <value>0x26c06</value>
         <object_component_ref idref="oc-10f"/>
      </symbol>
      <symbol id="sm-594">
         <name>__wrt_ok</name>
         <value>0x26b86</value>
         <object_component_ref idref="oc-10f"/>
      </symbol>
      <symbol id="sm-59e">
         <name>__addd</name>
         <value>0x25cd8</value>
         <object_component_ref idref="oc-113"/>
      </symbol>
      <symbol id="sm-5a8">
         <name>__divli</name>
         <value>0x27820</value>
         <object_component_ref idref="oc-117"/>
      </symbol>
      <symbol id="sm-5b2">
         <name>__doflush</name>
         <value>0x26df2</value>
         <object_component_ref idref="oc-11b"/>
      </symbol>
      <symbol id="sm-5b3">
         <name>_fflush</name>
         <value>0x26e5b</value>
         <object_component_ref idref="oc-11b"/>
      </symbol>
      <symbol id="sm-5bd">
         <name>__frcmpyd</name>
         <value>0x272c7</value>
         <object_component_ref idref="oc-11f"/>
      </symbol>
      <symbol id="sm-5c7">
         <name>_fseek</name>
         <value>0x2756b</value>
         <object_component_ref idref="oc-123"/>
      </symbol>
      <symbol id="sm-5d1">
         <name>_setvbuf</name>
         <value>0x26aa0</value>
         <object_component_ref idref="oc-127"/>
      </symbol>
      <symbol id="sm-5e0">
         <name>__cleanup</name>
         <value>0x2591c</value>
         <object_component_ref idref="oc-12b"/>
      </symbol>
      <symbol id="sm-5e1">
         <name>_fopen</name>
         <value>0x25a3f</value>
         <object_component_ref idref="oc-12b"/>
      </symbol>
      <symbol id="sm-5e2">
         <name>_freopen</name>
         <value>0x25976</value>
         <object_component_ref idref="oc-12b"/>
      </symbol>
      <symbol id="sm-5f2">
         <name>__sys_memory</name>
         <value>0x30c0</value>
         <object_component_ref idref="oc-135"/>
      </symbol>
      <symbol id="sm-5f3">
         <name>_chkheap</name>
         <value>0x250e6</value>
         <object_component_ref idref="oc-131"/>
      </symbol>
      <symbol id="sm-5f4">
         <name>_realloc</name>
         <value>0x24e85</value>
         <object_component_ref idref="oc-131"/>
      </symbol>
      <symbol id="sm-5f5">
         <name>_free_memory</name>
         <value>0x25090</value>
         <object_component_ref idref="oc-131"/>
      </symbol>
      <symbol id="sm-5f6">
         <name>_max_free</name>
         <value>0x25036</value>
         <object_component_ref idref="oc-131"/>
      </symbol>
      <symbol id="sm-5f7">
         <name>_free</name>
         <value>0x24c5f</value>
         <object_component_ref idref="oc-131"/>
      </symbol>
      <symbol id="sm-5f8">
         <name>_calloc</name>
         <value>0x250ee</value>
         <object_component_ref idref="oc-131"/>
      </symbol>
      <symbol id="sm-5f9">
         <name>_malloc</name>
         <value>0x24d90</value>
         <object_component_ref idref="oc-131"/>
      </symbol>
      <symbol id="sm-5fa">
         <name>_minit</name>
         <value>0x24d2b</value>
         <object_component_ref idref="oc-131"/>
      </symbol>
      <symbol id="sm-604">
         <name>_fclose</name>
         <value>0x2724c</value>
         <object_component_ref idref="oc-138"/>
      </symbol>
      <symbol id="sm-60e">
         <name>_remove</name>
         <value>0x27a2f</value>
         <object_component_ref idref="oc-13c"/>
      </symbol>
   </symbol_table>
</link_info>
